../Core/Src/main.c:108:10:strlen	24	static
../Core/Src/main.c:117:6:uart_send_string	16	static
../Core/Src/main.c:127:6:uart_send_byte	48	static
../Core/Src/main.c:134:6:uart_send_temp	48	static
../Core/Src/main.c:141:6:uart_send_gyro	160	static
../Core/Src/main.c:149:6:uart_send_acc	152	static
../Core/Src/main.c:155:6:float_to_myfloat	24	static
../Core/Src/main.c:160:9:init_mpu6050	48	static
../Core/Src/main.c:187:9:read_mpu6050_temp	48	static
../Core/Src/main.c:203:9:read_mpu6050_gyro	56	static
../Core/Src/main.c:232:9:read_mpu6050_acc	48	static
../Core/Src/main.c:260:5:main	136	static
../Core/Src/main.c:341:6:SystemClock_Config	136	static
../Core/Src/main.c:391:13:MX_I2C1_Init	8	static
../Core/Src/main.c:439:13:MX_USART2_UART_Init	8	static
../Core/Src/main.c:474:13:MX_GPIO_Init	48	static
../Core/Src/main.c:513:6:Error_Handler	8	static,ignoring_inline_asm
