../Core/Src/main.c:107:10:strlen	24	static
../Core/Src/main.c:116:6:uart_send_string	16	static
../Core/Src/main.c:126:6:uart_send_byte	48	static
../Core/Src/main.c:133:6:uart_send_temp	48	static
../Core/Src/main.c:139:6:uart_send_gyro	152	static
../Core/Src/main.c:145:6:uart_send_acc	152	static
../Core/Src/main.c:151:6:float_to_myfloat	24	static
../Core/Src/main.c:156:9:init_mpu6050	48	static
../Core/Src/main.c:183:9:read_mpu6050_temp	48	static
../Core/Src/main.c:199:9:read_mpu6050_gyro	48	static
../Core/Src/main.c:221:9:read_mpu6050_acc	48	static
../Core/Src/main.c:249:5:main	72	static
../Core/Src/main.c:322:6:SystemClock_Config	136	static
../Core/Src/main.c:372:13:MX_I2C1_Init	8	static
../Core/Src/main.c:420:13:MX_USART2_UART_Init	8	static
../Core/Src/main.c:455:13:MX_GPIO_Init	48	static
../Core/Src/main.c:494:6:Error_Handler	8	static,ignoring_inline_asm
