Archive member included to satisfy reference by file (symbol)

/home/maximilian/st/stm32cubeide_1.13.2/plugins/com.st.stm32cube.ide.mcu.externaltools.gnu-tools-for-stm32.11.3.rel1.linux64_1.1.1.202309131626/tools/bin/../lib/gcc/arm-none-eabi/11.3.1/../../../../arm-none-eabi/lib/thumb/v6-m/nofp/libc_nano.a(libc_a-exit.o)
                              /home/maximilian/st/stm32cubeide_1.13.2/plugins/com.st.stm32cube.ide.mcu.externaltools.gnu-tools-for-stm32.11.3.rel1.linux64_1.1.1.202309131626/tools/bin/../lib/gcc/arm-none-eabi/11.3.1/../../../../arm-none-eabi/lib/thumb/v6-m/nofp/crt0.o (exit)
/home/maximilian/st/stm32cubeide_1.13.2/plugins/com.st.stm32cube.ide.mcu.externaltools.gnu-tools-for-stm32.11.3.rel1.linux64_1.1.1.202309131626/tools/bin/../lib/gcc/arm-none-eabi/11.3.1/../../../../arm-none-eabi/lib/thumb/v6-m/nofp/libc_nano.a(libc_a-findfp.o)
                              /home/maximilian/st/stm32cubeide_1.13.2/plugins/com.st.stm32cube.ide.mcu.externaltools.gnu-tools-for-stm32.11.3.rel1.linux64_1.1.1.202309131626/tools/bin/../lib/gcc/arm-none-eabi/11.3.1/../../../../arm-none-eabi/lib/thumb/v6-m/nofp/libc_nano.a(libc_a-exit.o) (__stdio_exit_handler)
/home/maximilian/st/stm32cubeide_1.13.2/plugins/com.st.stm32cube.ide.mcu.externaltools.gnu-tools-for-stm32.11.3.rel1.linux64_1.1.1.202309131626/tools/bin/../lib/gcc/arm-none-eabi/11.3.1/../../../../arm-none-eabi/lib/thumb/v6-m/nofp/libc_nano.a(libc_a-fwalk.o)
                              /home/maximilian/st/stm32cubeide_1.13.2/plugins/com.st.stm32cube.ide.mcu.externaltools.gnu-tools-for-stm32.11.3.rel1.linux64_1.1.1.202309131626/tools/bin/../lib/gcc/arm-none-eabi/11.3.1/../../../../arm-none-eabi/lib/thumb/v6-m/nofp/libc_nano.a(libc_a-findfp.o) (_fwalk_sglue)
/home/maximilian/st/stm32cubeide_1.13.2/plugins/com.st.stm32cube.ide.mcu.externaltools.gnu-tools-for-stm32.11.3.rel1.linux64_1.1.1.202309131626/tools/bin/../lib/gcc/arm-none-eabi/11.3.1/../../../../arm-none-eabi/lib/thumb/v6-m/nofp/libc_nano.a(libc_a-snprintf.o)
                              ./Core/Src/main.o (snprintf)
/home/maximilian/st/stm32cubeide_1.13.2/plugins/com.st.stm32cube.ide.mcu.externaltools.gnu-tools-for-stm32.11.3.rel1.linux64_1.1.1.202309131626/tools/bin/../lib/gcc/arm-none-eabi/11.3.1/../../../../arm-none-eabi/lib/thumb/v6-m/nofp/libc_nano.a(libc_a-sprintf.o)
                              ./Core/Src/main.o (sprintf)
/home/maximilian/st/stm32cubeide_1.13.2/plugins/com.st.stm32cube.ide.mcu.externaltools.gnu-tools-for-stm32.11.3.rel1.linux64_1.1.1.202309131626/tools/bin/../lib/gcc/arm-none-eabi/11.3.1/../../../../arm-none-eabi/lib/thumb/v6-m/nofp/libc_nano.a(libc_a-stdio.o)
                              /home/maximilian/st/stm32cubeide_1.13.2/plugins/com.st.stm32cube.ide.mcu.externaltools.gnu-tools-for-stm32.11.3.rel1.linux64_1.1.1.202309131626/tools/bin/../lib/gcc/arm-none-eabi/11.3.1/../../../../arm-none-eabi/lib/thumb/v6-m/nofp/libc_nano.a(libc_a-findfp.o) (__sread)
/home/maximilian/st/stm32cubeide_1.13.2/plugins/com.st.stm32cube.ide.mcu.externaltools.gnu-tools-for-stm32.11.3.rel1.linux64_1.1.1.202309131626/tools/bin/../lib/gcc/arm-none-eabi/11.3.1/../../../../arm-none-eabi/lib/thumb/v6-m/nofp/libc_nano.a(libc_a-memset.o)
                              /home/maximilian/st/stm32cubeide_1.13.2/plugins/com.st.stm32cube.ide.mcu.externaltools.gnu-tools-for-stm32.11.3.rel1.linux64_1.1.1.202309131626/tools/bin/../lib/gcc/arm-none-eabi/11.3.1/../../../../arm-none-eabi/lib/thumb/v6-m/nofp/crt0.o (memset)
/home/maximilian/st/stm32cubeide_1.13.2/plugins/com.st.stm32cube.ide.mcu.externaltools.gnu-tools-for-stm32.11.3.rel1.linux64_1.1.1.202309131626/tools/bin/../lib/gcc/arm-none-eabi/11.3.1/../../../../arm-none-eabi/lib/thumb/v6-m/nofp/libc_nano.a(libc_a-closer.o)
                              /home/maximilian/st/stm32cubeide_1.13.2/plugins/com.st.stm32cube.ide.mcu.externaltools.gnu-tools-for-stm32.11.3.rel1.linux64_1.1.1.202309131626/tools/bin/../lib/gcc/arm-none-eabi/11.3.1/../../../../arm-none-eabi/lib/thumb/v6-m/nofp/libc_nano.a(libc_a-stdio.o) (_close_r)
/home/maximilian/st/stm32cubeide_1.13.2/plugins/com.st.stm32cube.ide.mcu.externaltools.gnu-tools-for-stm32.11.3.rel1.linux64_1.1.1.202309131626/tools/bin/../lib/gcc/arm-none-eabi/11.3.1/../../../../arm-none-eabi/lib/thumb/v6-m/nofp/libc_nano.a(libc_a-reent.o)
                              /home/maximilian/st/stm32cubeide_1.13.2/plugins/com.st.stm32cube.ide.mcu.externaltools.gnu-tools-for-stm32.11.3.rel1.linux64_1.1.1.202309131626/tools/bin/../lib/gcc/arm-none-eabi/11.3.1/../../../../arm-none-eabi/lib/thumb/v6-m/nofp/libc_nano.a(libc_a-closer.o) (errno)
/home/maximilian/st/stm32cubeide_1.13.2/plugins/com.st.stm32cube.ide.mcu.externaltools.gnu-tools-for-stm32.11.3.rel1.linux64_1.1.1.202309131626/tools/bin/../lib/gcc/arm-none-eabi/11.3.1/../../../../arm-none-eabi/lib/thumb/v6-m/nofp/libc_nano.a(libc_a-impure.o)
[...]
Memory Configuration

Name             Origin             Length             Attributes
RAM              0x0000000020000000 0x0000000000005000 xrw
FLASH            0x0000000008000000 0x0000000000030000 xr
*default*        0x0000000000000000 0xffffffffffffffff

Linker script and memory map

LOAD /home/maximilian/st/stm32cubeide_1.13.2/plugins/com.st.stm32cube.ide.mcu.externaltools.gnu-tools-for-stm32.11.3.rel1.linux64_1.1.1.202309131626/tools/bin/../lib/gcc/arm-none-eabi/11.3.1/thumb/v6-m/nofp/crti.o
LOAD /home/maximilian/st/stm32cubeide_1.13.2/plugins/com.st.stm32cube.ide.mcu.externaltools.gnu-tools-for-stm32.11.3.rel1.linux64_1.1.1.202309131626/tools/bin/../lib/gcc/arm-none-eabi/11.3.1/thumb/v6-m/nofp/crtbegin.o
LOAD /home/maximilian/st/stm32cubeide_1.13.2/plugins/com.st.stm32cube.ide.mcu.externaltools.gnu-tools-for-stm32.11.3.rel1.linux64_1.1.1.202309131626/tools/bin/../lib/gcc/arm-none-eabi/11.3.1/../../../../arm-none-eabi/lib/thumb/v6-m/nofp/crt0.o
LOAD ./Core/Src/main.o
LOAD ./Core/Src/stm32l0xx_hal_msp.o
LOAD ./Core/Src/stm32l0xx_it.o
LOAD ./Core/Src/syscalls.o
LOAD ./Core/Src/sysmem.o
LOAD ./Core/Src/system_stm32l0xx.o
LOAD ./Core/Startup/startup_stm32l073rztx.o
LOAD ./Drivers/STM32L0xx_HAL_Driver/Src/stm32l0xx_hal.o
LOAD ./Drivers/STM32L0xx_HAL_Driver/Src/stm32l0xx_hal_cortex.o
LOAD ./Drivers/STM32L0xx_HAL_Driver/Src/stm32l0xx_hal_dma.o
LOAD ./Drivers/STM32L0xx_HAL_Driver/Src/stm32l0xx_hal_exti.o
LOAD ./Drivers/STM32L0xx_HAL_Driver/Src/stm32l0xx_hal_flash.o
LOAD ./Drivers/STM32L0xx_HAL_Driver/Src/stm32l0xx_hal_flash_ex.o
LOAD ./Drivers/STM32L0xx_HAL_Driver/Src/stm32l0xx_hal_flash_ramfunc.o
LOAD ./Drivers/STM32L0xx_HAL_Driver/Src/stm32l0xx_hal_gpio.o
LOAD ./Drivers/STM32L0xx_HAL_Driver/Src/stm32l0xx_hal_i2c.o
LOAD ./Drivers/STM32L0xx_HAL_Driver/Src/stm32l0xx_hal_i2c_ex.o
LOAD ./Drivers/STM32L0xx_HAL_Driver/Src/stm32l0xx_hal_pwr.o
LOAD ./Drivers/STM32L0xx_HAL_Driver/Src/stm32l0xx_hal_pwr_ex.o
LOAD ./Drivers/STM32L0xx_HAL_Driver/Src/stm32l0xx_hal_rcc.o
LOAD ./Drivers/STM32L0xx_HAL_Driver/Src/stm32l0xx_hal_rcc_ex.o
LOAD ./Drivers/STM32L0xx_HAL_Driver/Src/stm32l0xx_hal_tim.o
LOAD ./Drivers/STM32L0xx_HAL_Driver/Src/stm32l0xx_hal_tim_ex.o
LOAD ./Drivers/STM32L0xx_HAL_Driver/Src/stm32l0xx_hal_uart.o
LOAD ./Drivers/STM32L0xx_HAL_Driver/Src/stm32l0xx_hal_uart_ex.o
START GROUP
LOAD /home/maximilian/st/stm32cubeide_1.13.2/plugins/com.st.stm32cube.ide.mcu.externaltools.gnu-tools-for-stm32.11.3.rel1.linux64_1.1.1.202309131626/tools/bin/../lib/gcc/arm-none-eabi/11.3.1/../../../../arm-none-eabi/lib/thumb/v6-m/nofp/libc_nano.a
LOAD /home/maximilian/st/stm32cubeide_1.13.2/plugins/com.st.stm32cube.ide.mcu.externaltools.gnu-tools-for-stm32.11.3.rel1.linux64_1.1.1.202309131626/tools/bin/../lib/gcc/arm-none-eabi/11.3.1/../../../../arm-none-eabi/lib/thumb/v6-m/nofp/libm.a
END GROUP
START GROUP
LOAD /home/maximilian/st/stm32cubeide_1.13.2/plugins/com.st.stm32cube.ide.mcu.externaltools.gnu-tools-for-stm32.11.3.rel1.linux64_1.1.1.202309131626/tools/bin/../lib/gcc/arm-none-eabi/11.3.1/thumb/v6-m/nofp/libgcc.a
LOAD /home/maximilian/st/stm32cubeide_1.13.2/plugins/com.st.stm32cube.ide.mcu.externaltools.gnu-tools-for-stm32.11.3.rel1.linux64_1.1.1.202309131626/tools/bin/../lib/gcc/arm-none-eabi/11.3.1/../../../../arm-none-eabi/lib/thumb/v6-m/nofp/libc_nano.a
END GROUP
START GROUP
LOAD /home/maximilian/st/stm32cubeide_1.13.2/plugins/com.st.stm32cube.ide.mcu.externaltools.gnu-tools-for-stm32.11.3.rel1.linux64_1.1.1.202309131626/tools/bin/../lib/gcc/arm-none-eabi/11.3.1/thumb/v6-m/nofp/libgcc.a
LOAD /home/maximilian/st/stm32cubeide_1.13.2/plugins/com.st.stm32cube.ide.mcu.externaltools.gnu-tools-for-stm32.11.3.rel1.linux64_1.1.1.202309131626/tools/bin/../lib/gcc/arm-none-eabi/11.3.1/../../../../arm-none-eabi/lib/thumb/v6-m/nofp/libc_nano.a
LOAD /home/maximilian/st/stm32cubeide_1.13.2/plugins/com.st.stm32cube.ide.mcu.externaltools.gnu-tools-for-stm32.11.3.rel1.linux64_1.1.1.202309131626/tools/bin/../lib/gcc/arm-none-eabi/11.3.1/../../../../arm-none-eabi/lib/thumb/v6-m/nofp/libnosys.a
END GROUP
START GROUP
LOAD /home/maximilian/st/stm32cubeide_1.13.2/plugins/com.st.stm32cube.ide.mcu.externaltools.gnu-tools-for-stm32.11.3.rel1.linux64_1.1.1.202309131626/tools/bin/../lib/gcc/arm-none-eabi/11.3.1/thumb/v6-m/nofp/libgcc.a
LOAD /home/maximilian/st/stm32cubeide_1.13.2/plugins/com.st.stm32cube.ide.mcu.externaltools.gnu-tools-for-stm32.11.3.rel1.linux64_1.1.1.202309131626/tools/bin/../lib/gcc/arm-none-eabi/11.3.1/../../../../arm-none-eabi/lib/thumb/v6-m/nofp/libc_nano.a
LOAD /home/maximilian/st/stm32cubeide_1.13.2/plugins/com.st.stm32cube.ide.mcu.externaltools.gnu-tools-for-stm32.11.3.rel1.linux64_1.1.1.202309131626/tools/bin/../lib/gcc/arm-none-eabi/11.3.1/../../../../arm-none-eabi/lib/thumb/v6-m/nofp/libnosys.a
END GROUP
LOAD /home/maximilian/st/stm32cubeide_1.13.2/plugins/com.st.stm32cube.ide.mcu.externaltools.gnu-tools-for-stm32.11.3.rel1.linux64_1.1.1.202309131626/tools/bin/../lib/gcc/arm-none-eabi/11.3.1/thumb/v6-m/nofp/crtend.o
LOAD /home/maximilian/st/stm32cubeide_1.13.2/plugins/com.st.stm32cube.ide.mcu.externaltools.gnu-tools-for-stm32.11.3.rel1.linux64_1.1.1.202309131626/tools/bin/../lib/gcc/arm-none-eabi/11.3.1/thumb/v6-m/nofp/crtn.o
                0x0000000020005000                _estack = (ORIGIN (RAM) + LENGTH (RAM))
                0x0000000000000200                _Min_Heap_Size = 0x200
                0x0000000000000400                _Min_Stack_Size = 0x400

.isr_vector     0x0000000008000000       0xc0
                0x0000000008000000                . = ALIGN (0x4)
 *(.isr_vector)
 .isr_vector    0x0000000008000000       0xc0 ./Core/Startup/startup_stm32l073rztx.o
                0x0000000008000000                g_pfnVectors
                0x00000000080000c0                . = ALIGN (0x4)

.text           0x00000000080000c0     0x680c
                0x00000000080000c0                . = ALIGN (0x4)
 *(.text)
 .text          0x00000000080000c0       0x48 /home/maximilian/st/stm32cubeide_1.13.2/plugins/com.st.stm32cube.ide.mcu.externaltools.gnu-tools-for-stm32.11.3.rel1.linux64_1.1.1.202309131626/tools/bin/../lib/gcc/arm-none-eabi/11.3.1/thumb/v6-m/nofp/crtbegin.o
 .text          0x0000000008000108       0x14 /home/maximilian/st/stm32cubeide_1.13.2/plugins/com.st.stm32cube.ide.mcu.externaltools.gnu-tools-for-stm32.11.3.rel1.linux64_1.1.1.202309131626/tools/bin/../lib/gcc/arm-none-eabi/11.3.1/thumb/v6-m/nofp/libgcc.a(_thumb1_case_shi.o)
                0x0000000008000108                __gnu_thumb1_case_shi
 .text          0x000000000800011c      0x114 /home/maximilian/st/stm32cubeide_1.13.2/plugins/com.st.stm32cube.ide.mcu.externaltools.gnu-tools-for-stm32.11.3.rel1.linux64_1.1.1.202309131626/tools/bin/../lib/gcc/arm-none-eabi/11.3.1/thumb/v6-m/nofp/libgcc.a(_udivsi3.o)
                0x000000000800011c                __udivsi3
                0x000000000800011c                __aeabi_uidiv
                0x0000000008000228                __aeabi_uidivmod
 .text          0x0000000008000230        0x4 /home/maximilian/st/stm32cubeide_1.13.2/plugins/com.st.stm32cube.ide.mcu.externaltools.gnu-tools-for-stm32.11.3.rel1.linux64_1.1.1.202309131626/tools/bin/../lib/gcc/arm-none-eabi/11.3.1/thumb/v6-m/nofp/libgcc.a(_dvmd_tls.o)
                0x0000000008000230                __aeabi_ldiv0
                0x0000000008000230                __aeabi_idiv0
 .text          0x0000000008000234       0x40 /home/maximilian/st/stm32cubeide_1.13.2/plugins/com.st.stm32cube.ide.mcu.externaltools.gnu-tools-for-stm32.11.3.rel1.linux64_1.1.1.202309131626/tools/bin/../lib/gcc/arm-none-eabi/11.3.1/thumb/v6-m/nofp/libgcc.a(_aeabi_uldivmod.o)
                0x0000000008000234                __aeabi_uldivmod
 .text          0x0000000008000274       0x5c /home/maximilian/st/stm32cubeide_1.13.2/plugins/com.st.stm32cube.ide.mcu.externaltools.gnu-tools-for-stm32.11.3.rel1.linux64_1.1.1.202309131626/tools/bin/../lib/gcc/arm-none-eabi/11.3.1/thumb/v6-m/nofp/libgcc.a(_muldi3.o)
                0x0000000008000274                __aeabi_lmul
                0x0000000008000274                __muldi3
 .text          0x00000000080002d0      0x198 /home/maximilian/st/stm32cubeide_1.13.2/plugins/com.st.stm32cube.ide.mcu.externaltools.gnu-tools-for-stm32.11.3.rel1.linux64_1.1.1.202309131626/tools/bin/../lib/gcc/arm-none-eabi/11.3.1/thumb/v6-m/nofp/libgcc.a(_udivmoddi4.o)
                0x00000000080002d0                __udivmoddi4
 .text          0x0000000008000468      0x29c /home/maximilian/st/stm32cubeide_1.13.2/plugins/com.st.stm32cube.ide.mcu.externaltools.gnu-tools-for-stm32.11.3.rel1.linux64_1.1.1.202309131626/tools/bin/../lib/gcc/arm-none-eabi/11.3.1/thumb/v6-m/nofp/libgcc.a(mulsf3.o)
                0x0000000008000468                __aeabi_fmul
 .text          0x0000000008000704      0x340 /home/maximilian/st/stm32cubeide_1.13.2/plugins/com.st.stm32cube.ide.mcu.externaltools.gnu-tools-for-stm32.11.3.rel1.linux64_1.1.1.202309131626/tools/bin/../lib/gcc/arm-none-eabi/11.3.1/thumb/v6-m/nofp/libgcc.a(subsf3.o)
                0x0000000008000704                __aeabi_fsub
 .text          0x0000000008000a44       0x40 /home/maximilian/st/stm32cubeide_1.13.2/plugins/com.st.stm32cube.ide.mcu.externaltools.gnu-tools-for-stm32.11.3.rel1.linux64_1.1.1.202309131626/tools/bin/../lib/gcc/arm-none-eabi/11.3.1/thumb/v6-m/nofp/libgcc.a(fixsfsi.o)
                0x0000000008000a44                __aeabi_f2iz
 .text          0x0000000008000a84       0xa4 /home/maximilian/st/stm32cubeide_1.13.2/plugins/com.st.stm32cube.ide.mcu.externaltools.gnu-tools-for-stm32.11.3.rel1.linux64_1.1.1.202309131626/tools/bin/../lib/gcc/arm-none-eabi/11.3.1/thumb/v6-m/nofp/libgcc.a(floatsisf.o)
                0x0000000008000a84                __aeabi_i2f
 .text          0x0000000008000b28      0x6c0 /home/maximilian/st/stm32cubeide_1.13.2/plugins/com.st.stm32cube.ide.mcu.externaltools.gnu-tools-for-stm32.11.3.rel1.linux64_1.1.1.202309131626/tools/bin/../lib/gcc/arm-none-eabi/11.3.1/thumb/v6-m/nofp/libgcc.a(adddf3.o)
                0x0000000008000b28                __aeabi_dadd
 .text          0x00000000080011e8      0x5dc /home/maximilian/st/stm32cubeide_1.13.2/plugins/com.st.stm32cube.ide.mcu.externaltools.gnu-tools-for-stm32.11.3.rel1.linux64_1.1.1.202309131626/tools/bin/../lib/gcc/arm-none-eabi/11.3.1/thumb/v6-m/nofp/libgcc.a(divdf3.o)
                0x00000000080011e8                __aeabi_ddiv
 .text          0x00000000080017c4       0x60 /home/maximilian/st/stm32cubeide_1.13.2/plugins/com.st.stm32cube.ide.mcu.externaltools.gnu-tools-for-stm32.11.3.rel1.linux64_1.1.1.202309131626/tools/bin/../lib/gcc/arm-none-eabi/11.3.1/thumb/v6-m/nofp/libgcc.a(floatsidf.o)
                0x00000000080017c4                __aeabi_i2d
 .text          0x0000000008001824      0x10c /home/maximilian/st/stm32cubeide_1.13.2/plugins/com.st.stm32cube.ide.mcu.externaltools.gnu-tools-for-stm32.11.3.rel1.linux64_1.1.1.202309131626/tools/bin/../lib/gcc/arm-none-eabi/11.3.1/thumb/v6-m/nofp/libgcc.a(truncdfsf2.o)
                0x0000000008001824                __aeabi_d2f
 .text          0x0000000008001930       0x3c /home/maximilian/st/stm32cubeide_1.13.2/plugins/com.st.stm32cube.ide.mcu.externaltools.gnu-tools-for-stm32.11.3.rel1.linux64_1.1.1.202309131626/tools/bin/../lib/gcc/arm-none-eabi/11.3.1/thumb/v6-m/nofp/libgcc.a(_clzsi2.o)
                0x0000000008001930                __clzsi2
 .text          0x000000000800196c       0x18 /home/maximilian/st/stm32cubeide_1.13.2/plugins/com.st.stm32cube.ide.mcu.externaltools.gnu-tools-for-stm32.11.3.rel1.linux64_1.1.1.202309131626/tools/bin/../lib/gcc/arm-none-eabi/11.3.1/thumb/v6-m/nofp/libgcc.a(_clzdi2.o)
                0x000000000800196c                __clzdi2
 *(.text*)
 .text.strlen   0x0000000008001984       0x2e ./Core/Src/main.o
                0x0000000008001984                strlen
 *fill*         0x00000000080019b2        0x2 
 .text.uart_send_string
                0x00000000080019b4       0x48 ./Core/Src/main.o
                0x00000000080019b4                uart_send_string
 .text.uart_send_temp
                0x00000000080019fc       0x34 ./Core/Src/main.o
                0x00000000080019fc                uart_send_temp
 .text.uart_send_gyro
                0x0000000008001a30       0x64 ./Core/Src/main.o
                0x0000000008001a30                uart_send_gyro
 .text.uart_send_acc
                0x0000000008001a94       0x64 ./Core/Src/main.o
                0x0000000008001a94                uart_send_acc
 .text.float_to_myfloat
                0x0000000008001af8       0x5c ./Core/Src/main.o
                0x0000000008001af8                float_to_myfloat
 .text.init_mpu6050
                0x0000000008001b54      0x104 ./Core/Src/main.o
                0x0000000008001b54                init_mpu6050
 .text.read_mpu6050_temp
                0x0000000008001c58       0xac ./Core/Src/main.o
                0x0000000008001c58                read_mpu6050_temp
 .text.read_mpu6050_gyro
                0x0000000008001d04      0x10c ./Core/Src/main.o
                0x0000000008001d04                read_mpu6050_gyro
 .text.read_mpu6050_acc
                0x0000000008001e10       0xfc ./Core/Src/main.o
                0x0000000008001e10                read_mpu6050_acc
 .text.main     0x0000000008001f0c       0xb8 ./Core/Src/main.o
                0x0000000008001f0c                main
 .text.SystemClock_Config
                0x0000000008001fc4       0xdc ./Core/Src/main.o
                0x0000000008001fc4                SystemClock_Config
 .text.MX_I2C1_Init
                0x00000000080020a0       0x80 ./Core/Src/main.o
 .text.MX_USART2_UART_Init
                0x0000000008002120       0x60 ./Core/Src/main.o
 .text.MX_GPIO_Init
                0x0000000008002180       0xc8 ./Core/Src/main.o
 .text.Error_Handler
                0x0000000008002248        0xa ./Core/Src/main.o
                0x0000000008002248                Error_Handler
 *fill*         0x0000000008002252        0x2 
 .text.HAL_MspInit
                0x0000000008002254       0x28 ./Core/Src/stm32l0xx_hal_msp.o
                0x0000000008002254                HAL_MspInit
 .text.HAL_I2C_MspInit
                0x000000000800227c       0x98 ./Core/Src/stm32l0xx_hal_msp.o
                0x000000000800227c                HAL_I2C_MspInit
 .text.HAL_UART_MspInit
                0x0000000008002314       0x88 ./Core/Src/stm32l0xx_hal_msp.o
                0x0000000008002314                HAL_UART_MspInit
 .text.NMI_Handler
                0x000000000800239c        0x6 ./Core/Src/stm32l0xx_it.o
                0x000000000800239c                NMI_Handler
 .text.HardFault_Handler
                0x00000000080023a2        0x6 ./Core/Src/stm32l0xx_it.o
                0x00000000080023a2                HardFault_Handler
 .text.SVC_Handler
                0x00000000080023a8        0xa ./Core/Src/stm32l0xx_it.o
                0x00000000080023a8                SVC_Handler
 .text.PendSV_Handler
                0x00000000080023b2        0xa ./Core/Src/stm32l0xx_it.o
                0x00000000080023b2                PendSV_Handler
 .text.SysTick_Handler
                0x00000000080023bc        0xe ./Core/Src/stm32l0xx_it.o
                0x00000000080023bc                SysTick_Handler
 *fill*         0x00000000080023ca        0x2 
 .text.I2C1_IRQHandler
                0x00000000080023cc       0x30 ./Core/Src/stm32l0xx_it.o
                0x00000000080023cc                I2C1_IRQHandler
 .text._sbrk    0x00000000080023fc       0x6c ./Core/Src/sysmem.o
                0x00000000080023fc                _sbrk
 .text.SystemInit
                0x0000000008002468        0xa ./Core/Src/system_stm32l0xx.o
                0x0000000008002468                SystemInit
 *fill*         0x0000000008002472        0x2 
 .text.Reset_Handler
                0x0000000008002474       0x50 ./Core/Startup/startup_stm32l073rztx.o
                0x0000000008002474                Reset_Handler
 .text.Default_Handler
                0x00000000080024c4        0x2 ./Core/Startup/startup_stm32l073rztx.o
                0x00000000080024c4                TSC_IRQHandler
                0x00000000080024c4                ADC1_COMP_IRQHandler
                0x00000000080024c4                PVD_IRQHandler
                0x00000000080024c4                RCC_CRS_IRQHandler
                0x00000000080024c4                SPI1_IRQHandler
                0x00000000080024c4                TIM6_DAC_IRQHandler
                0x00000000080024c4                EXTI2_3_IRQHandler
                0x00000000080024c4                I2C2_IRQHandler
                0x00000000080024c4                RTC_IRQHandler
                0x00000000080024c4                LCD_IRQHandler
                0x00000000080024c4                DMA1_Channel4_5_6_7_IRQHandler
                0x00000000080024c4                TIM3_IRQHandler
                0x00000000080024c4                EXTI4_15_IRQHandler
                0x00000000080024c4                DMA1_Channel1_IRQHandler
                0x00000000080024c4                USART4_5_IRQHandler
                0x00000000080024c4                Default_Handler
                0x00000000080024c4                TIM22_IRQHandler
                0x00000000080024c4                TIM7_IRQHandler
                0x00000000080024c4                EXTI0_1_IRQHandler
                0x00000000080024c4                USB_IRQHandler
                0x00000000080024c4                I2C3_IRQHandler
                0x00000000080024c4                SPI2_IRQHandler
                0x00000000080024c4                TIM21_IRQHandler
                0x00000000080024c4                WWDG_IRQHandler
                0x00000000080024c4                TIM2_IRQHandler
                0x00000000080024c4                DMA1_Channel2_3_IRQHandler
                0x00000000080024c4                USART2_IRQHandler
                0x00000000080024c4                FLASH_IRQHandler
                0x00000000080024c4                USART1_IRQHandler
                0x00000000080024c4                RNG_LPUART1_IRQHandler
                0x00000000080024c4                LPTIM1_IRQHandler
 *fill*         0x00000000080024c6        0x2 
 .text.HAL_Init
                0x00000000080024c8       0x40 ./Drivers/STM32L0xx_HAL_Driver/Src/stm32l0xx_hal.o
                0x00000000080024c8                HAL_Init
 .text.HAL_InitTick
                0x0000000008002508       0x68 ./Drivers/STM32L0xx_HAL_Driver/Src/stm32l0xx_hal.o
                0x0000000008002508                HAL_InitTick
 .text.HAL_IncTick
                0x0000000008002570       0x24 ./Drivers/STM32L0xx_HAL_Driver/Src/stm32l0xx_hal.o
                0x0000000008002570                HAL_IncTick
 .text.HAL_GetTick
                0x0000000008002594       0x14 ./Drivers/STM32L0xx_HAL_Driver/Src/stm32l0xx_hal.o
                0x0000000008002594                HAL_GetTick
 .text.HAL_Delay
                0x00000000080025a8       0x48 ./Drivers/STM32L0xx_HAL_Driver/Src/stm32l0xx_hal.o
                0x00000000080025a8                HAL_Delay
 .text.__NVIC_EnableIRQ
                0x00000000080025f0       0x34 ./Drivers/STM32L0xx_HAL_Driver/Src/stm32l0xx_hal_cortex.o
 .text.__NVIC_SetPriority
                0x0000000008002624       0xdc ./Drivers/STM32L0xx_HAL_Driver/Src/stm32l0xx_hal_cortex.o
 .text.SysTick_Config
                0x0000000008002700       0x48 ./Drivers/STM32L0xx_HAL_Driver/Src/stm32l0xx_hal_cortex.o
 .text.HAL_NVIC_SetPriority
                0x0000000008002748       0x2a ./Drivers/STM32L0xx_HAL_Driver/Src/stm32l0xx_hal_cortex.o
                0x0000000008002748                HAL_NVIC_SetPriority
 .text.HAL_NVIC_EnableIRQ
                0x0000000008002772       0x20 ./Drivers/STM32L0xx_HAL_Driver/Src/stm32l0xx_hal_cortex.o
                0x0000000008002772                HAL_NVIC_EnableIRQ
 .text.HAL_SYSTICK_Config
                0x0000000008002792       0x1a ./Drivers/STM32L0xx_HAL_Driver/Src/stm32l0xx_hal_cortex.o
                0x0000000008002792                HAL_SYSTICK_Config
 .text.HAL_DMA_Abort_IT
                0x00000000080027ac       0x8e ./Drivers/STM32L0xx_HAL_Driver/Src/stm32l0xx_hal_dma.o
                0x00000000080027ac                HAL_DMA_Abort_IT
 .text.HAL_DMA_GetState
                0x000000000800283a       0x18 ./Drivers/STM32L0xx_HAL_Driver/Src/stm32l0xx_hal_dma.o
                0x000000000800283a                HAL_DMA_GetState
 *fill*         0x0000000008002852        0x2 
 .text.HAL_GPIO_Init
                0x0000000008002854      0x2fc ./Drivers/STM32L0xx_HAL_Driver/Src/stm32l0xx_hal_gpio.o
                0x0000000008002854                HAL_GPIO_Init
 .text.HAL_GPIO_ReadPin
                0x0000000008002b50       0x3a ./Drivers/STM32L0xx_HAL_Driver/Src/stm32l0xx_hal_gpio.o
                0x0000000008002b50                HAL_GPIO_ReadPin
 .text.HAL_GPIO_WritePin
                0x0000000008002b8a       0x3a ./Drivers/STM32L0xx_HAL_Driver/Src/stm32l0xx_hal_gpio.o
                0x0000000008002b8a                HAL_GPIO_WritePin
 .text.HAL_GPIO_TogglePin
                0x0000000008002bc4       0x36 ./Drivers/STM32L0xx_HAL_Driver/Src/stm32l0xx_hal_gpio.o
                0x0000000008002bc4                HAL_GPIO_TogglePin
 *fill*         0x0000000008002bfa        0x2 
 .text.HAL_I2C_Init
                0x0000000008002bfc      0x12c ./Drivers/STM32L0xx_HAL_Driver/Src/stm32l0xx_hal_i2c.o
                0x0000000008002bfc                HAL_I2C_Init
 .text.HAL_I2C_Mem_Write
                0x0000000008002d28      0x25c ./Drivers/STM32L0xx_HAL_Driver/Src/stm32l0xx_hal_i2c.o
                0x0000000008002d28                HAL_I2C_Mem_Write
 .text.HAL_I2C_Mem_Read
                0x0000000008002f84      0x268 ./Drivers/STM32L0xx_HAL_Driver/Src/stm32l0xx_hal_i2c.o
                0x0000000008002f84                HAL_I2C_Mem_Read
 .text.HAL_I2C_EV_IRQHandler
                0x00000000080031ec       0x34 ./Drivers/STM32L0xx_HAL_Driver/Src/stm32l0xx_hal_i2c.o
                0x00000000080031ec                HAL_I2C_EV_IRQHandler
 .text.HAL_I2C_ER_IRQHandler
                0x0000000008003220       0xb2 ./Drivers/STM32L0xx_HAL_Driver/Src/stm32l0xx_hal_i2c.o
                0x0000000008003220                HAL_I2C_ER_IRQHandler
 .text.HAL_I2C_SlaveTxCpltCallback
                0x00000000080032d2       0x10 ./Drivers/STM32L0xx_HAL_Driver/Src/stm32l0xx_hal_i2c.o
                0x00000000080032d2                HAL_I2C_SlaveTxCpltCallback
 .text.HAL_I2C_SlaveRxCpltCallback
                0x00000000080032e2       0x10 ./Drivers/STM32L0xx_HAL_Driver/Src/stm32l0xx_hal_i2c.o
                0x00000000080032e2                HAL_I2C_SlaveRxCpltCallback
 .text.HAL_I2C_AddrCallback
                0x00000000080032f2       0x20 ./Drivers/STM32L0xx_HAL_Driver/Src/stm32l0xx_hal_i2c.o
                0x00000000080032f2                HAL_I2C_AddrCallback
 .text.HAL_I2C_ListenCpltCallback
                0x0000000008003312       0x10 ./Drivers/STM32L0xx_HAL_Driver/Src/stm32l0xx_hal_i2c.o
                0x0000000008003312                HAL_I2C_ListenCpltCallback
 .text.HAL_I2C_ErrorCallback
                0x0000000008003322       0x10 ./Drivers/STM32L0xx_HAL_Driver/Src/stm32l0xx_hal_i2c.o
                0x0000000008003322                HAL_I2C_ErrorCallback
 .text.HAL_I2C_AbortCpltCallback
                0x0000000008003332       0x10 ./Drivers/STM32L0xx_HAL_Driver/Src/stm32l0xx_hal_i2c.o
                0x0000000008003332                HAL_I2C_AbortCpltCallback
 *fill*         0x0000000008003342        0x2 
 .text.I2C_Slave_ISR_IT
                0x0000000008003344      0x200 ./Drivers/STM32L0xx_HAL_Driver/Src/stm32l0xx_hal_i2c.o
 .text.I2C_RequestMemoryWrite
                0x0000000008003544       0xc8 ./Drivers/STM32L0xx_HAL_Driver/Src/stm32l0xx_hal_i2c.o
 .text.I2C_RequestMemoryRead
                0x000000000800360c       0xc4 ./Drivers/STM32L0xx_HAL_Driver/Src/stm32l0xx_hal_i2c.o
 .text.I2C_ITAddrCplt
                0x00000000080036d0      0x148 ./Drivers/STM32L0xx_HAL_Driver/Src/stm32l0xx_hal_i2c.o
 .text.I2C_ITSlaveSeqCplt
                0x0000000008003818       0xc8 ./Drivers/STM32L0xx_HAL_Driver/Src/stm32l0xx_hal_i2c.o
 .text.I2C_ITSlaveCplt
                0x00000000080038e0      0x240 ./Drivers/STM32L0xx_HAL_Driver/Src/stm32l0xx_hal_i2c.o
 .text.I2C_ITListenCplt
                0x0000000008003b20       0xb0 ./Drivers/STM32L0xx_HAL_Driver/Src/stm32l0xx_hal_i2c.o
 .text.I2C_ITError
                0x0000000008003bd0      0x204 ./Drivers/STM32L0xx_HAL_Driver/Src/stm32l0xx_hal_i2c.o
 .text.I2C_TreatErrorCallback
                0x0000000008003dd4       0x52 ./Drivers/STM32L0xx_HAL_Driver/Src/stm32l0xx_hal_i2c.o
 .text.I2C_Flush_TXDR
                0x0000000008003e26       0x44 ./Drivers/STM32L0xx_HAL_Driver/Src/stm32l0xx_hal_i2c.o
 .text.I2C_DMAAbort
                0x0000000008003e6a       0x3e ./Drivers/STM32L0xx_HAL_Driver/Src/stm32l0xx_hal_i2c.o
 .text.I2C_WaitOnFlagUntilTimeout
                0x0000000008003ea8       0x9c ./Drivers/STM32L0xx_HAL_Driver/Src/stm32l0xx_hal_i2c.o
 .text.I2C_WaitOnTXISFlagUntilTimeout
                0x0000000008003f44       0x8c ./Drivers/STM32L0xx_HAL_Driver/Src/stm32l0xx_hal_i2c.o
 .text.I2C_WaitOnSTOPFlagUntilTimeout
                0x0000000008003fd0       0x86 ./Drivers/STM32L0xx_HAL_Driver/Src/stm32l0xx_hal_i2c.o
 *fill*         0x0000000008004056        0x2 
 .text.I2C_IsErrorOccurred
                0x0000000008004058      0x200 ./Drivers/STM32L0xx_HAL_Driver/Src/stm32l0xx_hal_i2c.o
 .text.I2C_TransferConfig
                0x0000000008004258       0x74 ./Drivers/STM32L0xx_HAL_Driver/Src/stm32l0xx_hal_i2c.o
 .text.I2C_Disable_IRQ
                0x00000000080042cc       0xc6 ./Drivers/STM32L0xx_HAL_Driver/Src/stm32l0xx_hal_i2c.o
 *fill*         0x0000000008004392        0x2 
 .text.HAL_I2CEx_ConfigAnalogFilter
                0x0000000008004394       0x98 ./Drivers/STM32L0xx_HAL_Driver/Src/stm32l0xx_hal_i2c_ex.o
                0x0000000008004394                HAL_I2CEx_ConfigAnalogFilter
 .text.HAL_I2CEx_ConfigDigitalFilter
                0x000000000800442c       0x98 ./Drivers/STM32L0xx_HAL_Driver/Src/stm32l0xx_hal_i2c_ex.o
                0x000000000800442c                HAL_I2CEx_ConfigDigitalFilter
 .text.HAL_RCC_OscConfig
                0x00000000080044c4      0x7a8 ./Drivers/STM32L0xx_HAL_Driver/Src/stm32l0xx_hal_rcc.o
                0x00000000080044c4                HAL_RCC_OscConfig
 .text.HAL_RCC_ClockConfig
                0x0000000008004c6c      0x290 ./Drivers/STM32L0xx_HAL_Driver/Src/stm32l0xx_hal_rcc.o
                0x0000000008004c6c                HAL_RCC_ClockConfig
 .text.HAL_RCC_GetSysClockFreq
                0x0000000008004efc      0x14c ./Drivers/STM32L0xx_HAL_Driver/Src/stm32l0xx_hal_rcc.o
                0x0000000008004efc                HAL_RCC_GetSysClockFreq
 .text.HAL_RCC_GetHCLKFreq
                0x0000000008005048       0x14 ./Drivers/STM32L0xx_HAL_Driver/Src/stm32l0xx_hal_rcc.o
                0x0000000008005048                HAL_RCC_GetHCLKFreq
 .text.HAL_RCC_GetPCLK1Freq
                0x000000000800505c       0x2c ./Drivers/STM32L0xx_HAL_Driver/Src/stm32l0xx_hal_rcc.o
                0x000000000800505c                HAL_RCC_GetPCLK1Freq
 .text.HAL_RCC_GetPCLK2Freq
                0x0000000008005088       0x2c ./Drivers/STM32L0xx_HAL_Driver/Src/stm32l0xx_hal_rcc.o
                0x0000000008005088                HAL_RCC_GetPCLK2Freq
 .text.HAL_RCCEx_PeriphCLKConfig
                0x00000000080050b4      0x33c ./Drivers/STM32L0xx_HAL_Driver/Src/stm32l0xx_hal_rcc_ex.o
                0x00000000080050b4                HAL_RCCEx_PeriphCLKConfig
 .text.HAL_UART_Init
                0x00000000080053f0       0xa8 ./Drivers/STM32L0xx_HAL_Driver/Src/stm32l0xx_hal_uart.o
                0x00000000080053f0                HAL_UART_Init
 .text.HAL_UART_Transmit
                0x0000000008005498      0x13e ./Drivers/STM32L0xx_HAL_Driver/Src/stm32l0xx_hal_uart.o
                0x0000000008005498                HAL_UART_Transmit
 *fill*         0x00000000080055d6        0x2 
 .text.UART_SetConfig
                0x00000000080055d8      0x53c ./Drivers/STM32L0xx_HAL_Driver/Src/stm32l0xx_hal_uart.o
                0x00000000080055d8                UART_SetConfig
 .text.UART_AdvFeatureConfig
                0x0000000008005b14      0x168 ./Drivers/STM32L0xx_HAL_Driver/Src/stm32l0xx_hal_uart.o
                0x0000000008005b14                UART_AdvFeatureConfig
 .text.UART_CheckIdleState
                0x0000000008005c7c      0x150 ./Drivers/STM32L0xx_HAL_Driver/Src/stm32l0xx_hal_uart.o
                0x0000000008005c7c                UART_CheckIdleState
 .text.UART_WaitOnFlagUntilTimeout
                0x0000000008005dcc       0xd2 ./Drivers/STM32L0xx_HAL_Driver/Src/stm32l0xx_hal_uart.o
                0x0000000008005dcc                UART_WaitOnFlagUntilTimeout
 *fill*         0x0000000008005e9e        0x2 
 .text.UART_EndRxTransfer
                0x0000000008005ea0       0xc8 ./Drivers/STM32L0xx_HAL_Driver/Src/stm32l0xx_hal_uart.o
 .text.sprintf  0x0000000008005f68       0x40 /home/maximilian/st/stm32cubeide_1.13.2/plugins/com.st.stm32cube.ide.mcu.externaltools.gnu-tools-for-stm32.11.3.rel1.linux64_1.1.1.202309131626/tools/bin/../lib/gcc/arm-none-eabi/11.3.1/../../../../arm-none-eabi/lib/thumb/v6-m/nofp/libc_nano.a(libc_a-sprintf.o)
                0x0000000008005f68                sprintf
                0x0000000008005f68                siprintf
 .text.memset   0x0000000008005fa8       0x10 /home/maximilian/st/stm32cubeide_1.13.2/plugins/com.st.stm32cube.ide.mcu.externaltools.gnu-tools-for-stm32.11.3.rel1.linux64_1.1.1.202309131626/tools/bin/../lib/gcc/arm-none-eabi/11.3.1/../../../../arm-none-eabi/lib/thumb/v6-m/nofp/libc_nano.a(libc_a-memset.o)
                0x0000000008005fa8                memset
 .text.__errno  0x0000000008005fb8        0xc /home/maximilian/st/stm32cubeide_1.13.2/plugins/com.st.stm32cube.ide.mcu.externaltools.gnu-tools-for-stm32.11.3.rel1.linux64_1.1.1.202309131626/tools/bin/../lib/gcc/arm-none-eabi/11.3.1/../../../../arm-none-eabi/lib/thumb/v6-m/nofp/libc_nano.a(libc_a-errno.o)
                0x0000000008005fb8                __errno
 .text.__libc_init_array
                0x0000000008005fc4       0x48 /home/maximilian/st/stm32cubeide_1.13.2/plugins/com.st.stm32cube.ide.mcu.externaltools.gnu-tools-for-stm32.11.3.rel1.linux64_1.1.1.202309131626/tools/bin/../lib/gcc/arm-none-eabi/11.3.1/../../../../arm-none-eabi/lib/thumb/v6-m/nofp/libc_nano.a(libc_a-init.o)
                0x0000000008005fc4                __libc_init_array
 .text.__retarget_lock_acquire_recursive
                0x000000000800600c        0x2 /home/maximilian/st/stm32cubeide_1.13.2/plugins/com.st.stm32cube.ide.mcu.externaltools.gnu-tools-for-stm32.11.3.rel1.linux64_1.1.1.202309131626/tools/bin/../lib/gcc/arm-none-eabi/11.3.1/../../../../arm-none-eabi/lib/thumb/v6-m/nofp/libc_nano.a(libc_a-lock.o)
                0x000000000800600c                __retarget_lock_acquire_recursive
 .text.__retarget_lock_release_recursive
                0x000000000800600e        0x2 /home/maximilian/st/stm32cubeide_1.13.2/plugins/com.st.stm32cube.ide.mcu.externaltools.gnu-tools-for-stm32.11.3.rel1.linux64_1.1.1.202309131626/tools/bin/../lib/gcc/arm-none-eabi/11.3.1/../../../../arm-none-eabi/lib/thumb/v6-m/nofp/libc_nano.a(libc_a-lock.o)
                0x000000000800600e                __retarget_lock_release_recursive
 .text._free_r  0x0000000008006010       0x94 /home/maximilian/st/stm32cubeide_1.13.2/plugins/com.st.stm32cube.ide.mcu.externaltools.gnu-tools-for-stm32.11.3.rel1.linux64_1.1.1.202309131626/tools/bin/../lib/gcc/arm-none-eabi/11.3.1/../../../../arm-none-eabi/lib/thumb/v6-m/nofp/libc_nano.a(libc_a-freer.o)
                0x0000000008006010                _free_r
 .text.sbrk_aligned
                0x00000000080060a4       0x44 /home/maximilian/st/stm32cubeide_1.13.2/plugins/com.st.stm32cube.ide.mcu.externaltools.gnu-tools-for-stm32.11.3.rel1.linux64_1.1.1.202309131626/tools/bin/../lib/gcc/arm-none-eabi/11.3.1/../../../../arm-none-eabi/lib/thumb/v6-m/nofp/libc_nano.a(libc_a-mallocr.o)
 .text._malloc_r
                0x00000000080060e8      0x104 /home/maximilian/st/stm32cubeide_1.13.2/plugins/com.st.stm32cube.ide.mcu.externaltools.gnu-tools-for-stm32.11.3.rel1.linux64_1.1.1.202309131626/tools/bin/../lib/gcc/arm-none-eabi/11.3.1/../../../../arm-none-eabi/lib/thumb/v6-m/nofp/libc_nano.a(libc_a-mallocr.o)
                0x00000000080060e8                _malloc_r
 .text.__malloc_lock
                0x00000000080061ec       0x10 /home/maximilian/st/stm32cubeide_1.13.2/plugins/com.st.stm32cube.ide.mcu.externaltools.gnu-tools-for-stm32.11.3.rel1.linux64_1.1.1.202309131626/tools/bin/../lib/gcc/arm-none-eabi/11.3.1/../../../../arm-none-eabi/lib/thumb/v6-m/nofp/libc_nano.a(libc_a-mlock.o)
                0x00000000080061ec                __malloc_lock
 .text.__malloc_unlock
                0x00000000080061fc       0x10 /home/maximilian/st/stm32cubeide_1.13.2/plugins/com.st.stm32cube.ide.mcu.externaltools.gnu-tools-for-stm32.11.3.rel1.linux64_1.1.1.202309131626/tools/bin/../lib/gcc/arm-none-eabi/11.3.1/../../../../arm-none-eabi/lib/thumb/v6-m/nofp/libc_nano.a(libc_a-mlock.o)
                0x00000000080061fc                __malloc_unlock
 .text.__ssputs_r
                0x000000000800620c       0xc4 /home/maximilian/st/stm32cubeide_1.13.2/plugins/com.st.stm32cube.ide.mcu.externaltools.gnu-tools-for-stm32.11.3.rel1.linux64_1.1.1.202309131626/tools/bin/../lib/gcc/arm-none-eabi/11.3.1/../../../../arm-none-eabi/lib/thumb/v6-m/nofp/libc_nano.a(libc_a-nano-svfprintf.o)
                0x000000000800620c                __ssputs_r
 .text._svfprintf_r
                0x00000000080062d0      0x200 /home/maximilian/st/stm32cubeide_1.13.2/plugins/com.st.stm32cube.ide.mcu.externaltools.gnu-tools-for-stm32.11.3.rel1.linux64_1.1.1.202309131626/tools/bin/../lib/gcc/arm-none-eabi/11.3.1/../../../../arm-none-eabi/lib/thumb/v6-m/nofp/libc_nano.a(libc_a-nano-svfprintf.o)
                0x00000000080062d0                _svfprintf_r
                0x00000000080062d0                _svfiprintf_r
 .text._printf_common
                0x00000000080064d0       0xde /home/maximilian/st/stm32cubeide_1.13.2/plugins/com.st.stm32cube.ide.mcu.externaltools.gnu-tools-for-stm32.11.3.rel1.linux64_1.1.1.202309131626/tools/bin/../lib/gcc/arm-none-eabi/11.3.1/../../../../arm-none-eabi/lib/thumb/v6-m/nofp/libc_nano.a(libc_a-nano-vfprintf_i.o)
                0x00000000080064d0                _printf_common
 *fill*         0x00000000080065ae        0x2 
 .text._printf_i
                0x00000000080065b0      0x220 /home/maximilian/st/stm32cubeide_1.13.2/plugins/com.st.stm32cube.ide.mcu.externaltools.gnu-tools-for-stm32.11.3.rel1.linux64_1.1.1.202309131626/tools/bin/../lib/gcc/arm-none-eabi/11.3.1/../../../../arm-none-eabi/lib/thumb/v6-m/nofp/libc_nano.a(libc_a-nano-vfprintf_i.o)
                0x00000000080065b0                _printf_i
 .text.memmove  0x00000000080067d0       0x26 /home/maximilian/st/stm32cubeide_1.13.2/plugins/com.st.stm32cube.ide.mcu.externaltools.gnu-tools-for-stm32.11.3.rel1.linux64_1.1.1.202309131626/tools/bin/../lib/gcc/arm-none-eabi/11.3.1/../../../../arm-none-eabi/lib/thumb/v6-m/nofp/libc_nano.a(libc_a-memmove.o)
                0x00000000080067d0                memmove
 *fill*         0x00000000080067f6        0x2 
 .text._sbrk_r  0x00000000080067f8       0x24 /home/maximilian/st/stm32cubeide_1.13.2/plugins/com.st.stm32cube.ide.mcu.externaltools.gnu-tools-for-stm32.11.3.rel1.linux64_1.1.1.202309131626/tools/bin/../lib/gcc/arm-none-eabi/11.3.1/../../../../arm-none-eabi/lib/thumb/v6-m/nofp/libc_nano.a(libc_a-sbrkr.o)
                0x00000000080067f8                _sbrk_r
 .text.memchr   0x000000000800681c       0x16 /home/maximilian/st/stm32cubeide_1.13.2/plugins/com.st.stm32cube.ide.mcu.externaltools.gnu-tools-for-stm32.11.3.rel1.linux64_1.1.1.202309131626/tools/bin/../lib/gcc/arm-none-eabi/11.3.1/../../../../arm-none-eabi/lib/thumb/v6-m/nofp/libc_nano.a(libc_a-memchr-stub.o)
                0x000000000800681c                memchr
 .text.memcpy   0x0000000008006832       0x12 /home/maximilian/st/stm32cubeide_1.13.2/plugins/com.st.stm32cube.ide.mcu.externaltools.gnu-tools-for-stm32.11.3.rel1.linux64_1.1.1.202309131626/tools/bin/../lib/gcc/arm-none-eabi/11.3.1/../../../../arm-none-eabi/lib/thumb/v6-m/nofp/libc_nano.a(libc_a-memcpy-stub.o)
                0x0000000008006832                memcpy
 .text._realloc_r
                0x0000000008006844       0x5e /home/maximilian/st/stm32cubeide_1.13.2/plugins/com.st.stm32cube.ide.mcu.externaltools.gnu-tools-for-stm32.11.3.rel1.linux64_1.1.1.202309131626/tools/bin/../lib/gcc/arm-none-eabi/11.3.1/../../../../arm-none-eabi/lib/thumb/v6-m/nofp/libc_nano.a(libc_a-reallocr.o)
                0x0000000008006844                _realloc_r
 .text._malloc_usable_size_r
                0x00000000080068a2       0x10 /home/maximilian/st/stm32cubeide_1.13.2/plugins/com.st.stm32cube.ide.mcu.externaltools.gnu-tools-for-stm32.11.3.rel1.linux64_1.1.1.202309131626/tools/bin/../lib/gcc/arm-none-eabi/11.3.1/../../../../arm-none-eabi/lib/thumb/v6-m/nofp/libc_nano.a(libc_a-msizer.o)
                0x00000000080068a2                _malloc_usable_size_r
 *(.glue_7)
 .glue_7        0x00000000080068b2        0x0 linker stubs
 *(.glue_7t)
 .glue_7t       0x00000000080068b2        0x0 linker stubs
 *(.eh_frame)
 *fill*         0x00000000080068b2        0x2 
 .eh_frame      0x00000000080068b4        0x0 /home/maximilian/st/stm32cubeide_1.13.2/plugins/com.st.stm32cube.ide.mcu.externaltools.gnu-tools-for-stm32.11.3.rel1.linux64_1.1.1.202309131626/tools/bin/../lib/gcc/arm-none-eabi/11.3.1/thumb/v6-m/nofp/crtbegin.o
 *(.init)
 .init          0x00000000080068b4        0x4 /home/maximilian/st/stm32cubeide_1.13.2/plugins/com.st.stm32cube.ide.mcu.externaltools.gnu-tools-for-stm32.11.3.rel1.linux64_1.1.1.202309131626/tools/bin/../lib/gcc/arm-none-eabi/11.3.1/thumb/v6-m/nofp/crti.o
                0x00000000080068b4                _init
 .init          0x00000000080068b8        0x8 /home/maximilian/st/stm32cubeide_1.13.2/plugins/com.st.stm32cube.ide.mcu.externaltools.gnu-tools-for-stm32.11.3.rel1.linux64_1.1.1.202309131626/tools/bin/../lib/gcc/arm-none-eabi/11.3.1/thumb/v6-m/nofp/crtn.o
 *(.fini)
 .fini          0x00000000080068c0        0x4 /home/maximilian/st/stm32cubeide_1.13.2/plugins/com.st.stm32cube.ide.mcu.externaltools.gnu-tools-for-stm32.11.3.rel1.linux64_1.1.1.202309131626/tools/bin/../lib/gcc/arm-none-eabi/11.3.1/thumb/v6-m/nofp/crti.o
                0x00000000080068c0                _fini
 .fini          0x00000000080068c4        0x8 /home/maximilian/st/stm32cubeide_1.13.2/plugins/com.st.stm32cube.ide.mcu.externaltools.gnu-tools-for-stm32.11.3.rel1.linux64_1.1.1.202309131626/tools/bin/../lib/gcc/arm-none-eabi/11.3.1/thumb/v6-m/nofp/crtn.o
                0x00000000080068cc                . = ALIGN (0x4)
                0x00000000080068cc                _etext = .

.vfp11_veneer   0x00000000080068cc        0x0
 .vfp11_veneer  0x00000000080068cc        0x0 linker stubs

.v4_bx          0x00000000080068cc        0x0
 .v4_bx         0x00000000080068cc        0x0 linker stubs

.iplt           0x00000000080068cc        0x0
 .iplt          0x00000000080068cc        0x0 /home/maximilian/st/stm32cubeide_1.13.2/plugins/com.st.stm32cube.ide.mcu.externaltools.gnu-tools-for-stm32.11.3.rel1.linux64_1.1.1.202309131626/tools/bin/../lib/gcc/arm-none-eabi/11.3.1/thumb/v6-m/nofp/crtbegin.o

.rodata         0x00000000080068cc      0x23c
                0x00000000080068cc                . = ALIGN (0x4)
 *(.rodata)
 .rodata        0x00000000080068cc      0x159 ./Core/Src/main.o
 *fill*         0x0000000008006a25        0x3 
 .rodata        0x0000000008006a28       0x40 /home/maximilian/st/stm32cubeide_1.13.2/plugins/com.st.stm32cube.ide.mcu.externaltools.gnu-tools-for-stm32.11.3.rel1.linux64_1.1.1.202309131626/tools/bin/../lib/gcc/arm-none-eabi/11.3.1/thumb/v6-m/nofp/libgcc.a(divdf3.o)
 *(.rodata*)
 .rodata.AHBPrescTable
                0x0000000008006a68       0x10 ./Core/Src/system_stm32l0xx.o
                0x0000000008006a68                AHBPrescTable
 .rodata.APBPrescTable
                0x0000000008006a78        0x8 ./Core/Src/system_stm32l0xx.o
                0x0000000008006a78                APBPrescTable
 .rodata.PLLMulTable
                0x0000000008006a80        0x9 ./Core/Src/system_stm32l0xx.o
                0x0000000008006a80                PLLMulTable
 *fill*         0x0000000008006a89        0x3 
 .rodata.UART_SetConfig
                0x0000000008006a8c       0x48 ./Drivers/STM32L0xx_HAL_Driver/Src/stm32l0xx_hal_uart.o
 .rodata._svfprintf_r.str1.1
                0x0000000008006ad4       0x11 /home/maximilian/st/stm32cubeide_1.13.2/plugins/com.st.stm32cube.ide.mcu.externaltools.gnu-tools-for-stm32.11.3.rel1.linux64_1.1.1.202309131626/tools/bin/../lib/gcc/arm-none-eabi/11.3.1/../../../../arm-none-eabi/lib/thumb/v6-m/nofp/libc_nano.a(libc_a-nano-svfprintf.o)
 .rodata._printf_i.str1.1
                0x0000000008006ae5       0x22 /home/maximilian/st/stm32cubeide_1.13.2/plugins/com.st.stm32cube.ide.mcu.externaltools.gnu-tools-for-stm32.11.3.rel1.linux64_1.1.1.202309131626/tools/bin/../lib/gcc/arm-none-eabi/11.3.1/../../../../arm-none-eabi/lib/thumb/v6-m/nofp/libc_nano.a(libc_a-nano-vfprintf_i.o)
                0x0000000008006b08                . = ALIGN (0x4)
 *fill*         0x0000000008006b07        0x1 

.ARM.extab      0x0000000008006b08        0x0
                0x0000000008006b08                . = ALIGN (0x4)
 *(.ARM.extab* .gnu.linkonce.armextab.*)
                0x0000000008006b08                . = ALIGN (0x4)

.ARM            0x0000000008006b08        0x8
                0x0000000008006b08                . = ALIGN (0x4)
                0x0000000008006b08                __exidx_start = .
 *(.ARM.exidx*)
 .ARM.exidx     0x0000000008006b08        0x8 /home/maximilian/st/stm32cubeide_1.13.2/plugins/com.st.stm32cube.ide.mcu.externaltools.gnu-tools-for-stm32.11.3.rel1.linux64_1.1.1.202309131626/tools/bin/../lib/gcc/arm-none-eabi/11.3.1/thumb/v6-m/nofp/libgcc.a(_udivmoddi4.o)
                0x0000000008006b10                __exidx_end = .
                0x0000000008006b10                . = ALIGN (0x4)

.rel.dyn        0x0000000008006b10        0x0
 .rel.iplt      0x0000000008006b10        0x0 /home/maximilian/st/stm32cubeide_1.13.2/plugins/com.st.stm32cube.ide.mcu.externaltools.gnu-tools-for-stm32.11.3.rel1.linux64_1.1.1.202309131626/tools/bin/../lib/gcc/arm-none-eabi/11.3.1/thumb/v6-m/nofp/crtbegin.o

.preinit_array  0x0000000008006b10        0x0
                0x0000000008006b10                . = ALIGN (0x4)
                0x0000000008006b10                PROVIDE (__preinit_array_start = .)
 *(.preinit_array*)
                0x0000000008006b10                PROVIDE (__preinit_array_end = .)
                0x0000000008006b10                . = ALIGN (0x4)

.init_array     0x0000000008006b10        0x4
                0x0000000008006b10                . = ALIGN (0x4)
                0x0000000008006b10                PROVIDE (__init_array_start = .)
 *(SORT_BY_NAME(.init_array.*))
 *(.init_array*)
 .init_array    0x0000000008006b10        0x4 /home/maximilian/st/stm32cubeide_1.13.2/plugins/com.st.stm32cube.ide.mcu.externaltools.gnu-tools-for-stm32.11.3.rel1.linux64_1.1.1.202309131626/tools/bin/../lib/gcc/arm-none-eabi/11.3.1/thumb/v6-m/nofp/crtbegin.o
                0x0000000008006b14                PROVIDE (__init_array_end = .)
                0x0000000008006b14                . = ALIGN (0x4)

.fini_array     0x0000000008006b14        0x4
                0x0000000008006b14                . = ALIGN (0x4)
                [!provide]                        PROVIDE (__fini_array_start = .)
 *(SORT_BY_NAME(.fini_array.*))
 *(.fini_array*)
 .fini_array    0x0000000008006b14        0x4 /home/maximilian/st/stm32cubeide_1.13.2/plugins/com.st.stm32cube.ide.mcu.externaltools.gnu-tools-for-stm32.11.3.rel1.linux64_1.1.1.202309131626/tools/bin/../lib/gcc/arm-none-eabi/11.3.1/thumb/v6-m/nofp/crtbegin.o
                [!provide]                        PROVIDE (__fini_array_end = .)
                0x0000000008006b18                . = ALIGN (0x4)
                0x0000000008006b18                _sidata = LOADADDR (.data)

.data           0x0000000020000000       0x5c load address 0x0000000008006b18
                0x0000000020000000                . = ALIGN (0x4)
                0x0000000020000000                _sdata = .
 *(.data)
 *(.data*)
 .data.SystemCoreClock
                0x0000000020000000        0x4 ./Core/Src/system_stm32l0xx.o
                0x0000000020000000                SystemCoreClock
 .data.uwTickPrio
                0x0000000020000004        0x4 ./Drivers/STM32L0xx_HAL_Driver/Src/stm32l0xx_hal.o
                0x0000000020000004                uwTickPrio
 .data.uwTickFreq
                0x0000000020000008        0x1 ./Drivers/STM32L0xx_HAL_Driver/Src/stm32l0xx_hal.o
                0x0000000020000008                uwTickFreq
 *fill*         0x0000000020000009        0x3 
 .data._impure_data
                0x000000002000000c       0x4c /home/maximilian/st/stm32cubeide_1.13.2/plugins/com.st.stm32cube.ide.mcu.externaltools.gnu-tools-for-stm32.11.3.rel1.linux64_1.1.1.202309131626/tools/bin/../lib/gcc/arm-none-eabi/11.3.1/../../../../arm-none-eabi/lib/thumb/v6-m/nofp/libc_nano.a(libc_a-impure.o)
                0x000000002000000c                _impure_data
 .data._impure_ptr
                0x0000000020000058        0x4 /home/maximilian/st/stm32cubeide_1.13.2/plugins/com.st.stm32cube.ide.mcu.externaltools.gnu-tools-for-stm32.11.3.rel1.linux64_1.1.1.202309131626/tools/bin/../lib/gcc/arm-none-eabi/11.3.1/../../../../arm-none-eabi/lib/thumb/v6-m/nofp/libc_nano.a(libc_a-impure.o)
                0x0000000020000058                _impure_ptr
 *(.RamFunc)
 *(.RamFunc*)
                0x000000002000005c                . = ALIGN (0x4)
                0x000000002000005c                _edata = .

.igot.plt       0x000000002000005c        0x0 load address 0x0000000008006b74
 .igot.plt      0x000000002000005c        0x0 /home/maximilian/st/stm32cubeide_1.13.2/plugins/com.st.stm32cube.ide.mcu.externaltools.gnu-tools-for-stm32.11.3.rel1.linux64_1.1.1.202309131626/tools/bin/../lib/gcc/arm-none-eabi/11.3.1/thumb/v6-m/nofp/crtbegin.o
                0x000000002000005c                . = ALIGN (0x4)

.bss            0x000000002000005c      0x248 load address 0x0000000008006b74
                0x000000002000005c                _sbss = .
                0x000000002000005c                __bss_start__ = _sbss
 *(.bss)
 .bss           0x000000002000005c       0x1c /home/maximilian/st/stm32cubeide_1.13.2/plugins/com.st.stm32cube.ide.mcu.externaltools.gnu-tools-for-stm32.11.3.rel1.linux64_1.1.1.202309131626/tools/bin/../lib/gcc/arm-none-eabi/11.3.1/thumb/v6-m/nofp/crtbegin.o
 *(.bss*)
 .bss.hi2c1     0x0000000020000078       0x54 ./Core/Src/main.o
                0x0000000020000078                hi2c1
 .bss.huart2    0x00000000200000cc       0x88 ./Core/Src/main.o
                0x00000000200000cc                huart2
 .bss.__sbrk_heap_end
                0x0000000020000154        0x4 ./Core/Src/sysmem.o
 .bss.uwTick    0x0000000020000158        0x4 ./Drivers/STM32L0xx_HAL_Driver/Src/stm32l0xx_hal.o
                0x0000000020000158                uwTick
 .bss.__sf      0x000000002000015c      0x138 /home/maximilian/st/stm32cubeide_1.13.2/plugins/com.st.stm32cube.ide.mcu.externaltools.gnu-tools-for-stm32.11.3.rel1.linux64_1.1.1.202309131626/tools/bin/../lib/gcc/arm-none-eabi/11.3.1/../../../../arm-none-eabi/lib/thumb/v6-m/nofp/libc_nano.a(libc_a-findfp.o)
                0x000000002000015c                __sf
 .bss.errno     0x0000000020000294        0x4 /home/maximilian/st/stm32cubeide_1.13.2/plugins/com.st.stm32cube.ide.mcu.externaltools.gnu-tools-for-stm32.11.3.rel1.linux64_1.1.1.202309131626/tools/bin/../lib/gcc/arm-none-eabi/11.3.1/../../../../arm-none-eabi/lib/thumb/v6-m/nofp/libc_nano.a(libc_a-reent.o)
                0x0000000020000294                errno
 .bss.__lock___malloc_recursive_mutex
                0x0000000020000298        0x1 /home/maximilian/st/stm32cubeide_1.13.2/plugins/com.st.stm32cube.ide.mcu.externaltools.gnu-tools-for-stm32.11.3.rel1.linux64_1.1.1.202309131626/tools/bin/../lib/gcc/arm-none-eabi/11.3.1/../../../../arm-none-eabi/lib/thumb/v6-m/nofp/libc_nano.a(libc_a-lock.o)
                0x0000000020000298                __lock___malloc_recursive_mutex
 *fill*         0x0000000020000299        0x3 
 .bss.__malloc_free_list
                0x000000002000029c        0x4 /home/maximilian/st/stm32cubeide_1.13.2/plugins/com.st.stm32cube.ide.mcu.externaltools.gnu-tools-for-stm32.11.3.rel1.linux64_1.1.1.202309131626/tools/bin/../lib/gcc/arm-none-eabi/11.3.1/../../../../arm-none-eabi/lib/thumb/v6-m/nofp/libc_nano.a(libc_a-mallocr.o)
                0x000000002000029c                __malloc_free_list
 .bss.__malloc_sbrk_start
                0x00000000200002a0        0x4 /home/maximilian/st/stm32cubeide_1.13.2/plugins/com.st.stm32cube.ide.mcu.externaltools.gnu-tools-for-stm32.11.3.rel1.linux64_1.1.1.202309131626/tools/bin/../lib/gcc/arm-none-eabi/11.3.1/../../../../arm-none-eabi/lib/thumb/v6-m/nofp/libc_nano.a(libc_a-mallocr.o)
                0x00000000200002a0                __malloc_sbrk_start
 *(COMMON)
                0x00000000200002a4                . = ALIGN (0x4)
                0x00000000200002a4                _ebss = .
                0x00000000200002a4                __bss_end__ = _ebss

._user_heap_stack
                0x00000000200002a4      0x604 load address 0x0000000008006b74
                0x00000000200002a8                . = ALIGN (0x8)
 *fill*         0x00000000200002a4        0x4 
                [!provide]                        PROVIDE (end = .)
                0x00000000200002a8                PROVIDE (_end = .)
                0x00000000200004a8                . = (. + _Min_Heap_Size)
 *fill*         0x00000000200002a8      0x200 
                0x00000000200008a8                . = (. + _Min_Stack_Size)
 *fill*         0x00000000200004a8      0x400 
                0x00000000200008a8                . = ALIGN (0x8)

/DISCARD/
 libc.a(*)
 libm.a(*)
 libgcc.a(*)

.ARM.attributes
                0x0000000000000000       0x28
 *(.ARM.attributes)
 .ARM.attributes
                0x0000000000000000       0x1e /home/maximilian/st/stm32cubeide_1.13.2/plugins/com.st.stm32cube.ide.mcu.externaltools.gnu-tools-for-stm32.11.3.rel1.linux64_1.1.1.202309131626/tools/bin/../lib/gcc/arm-none-eabi/11.3.1/thumb/v6-m/nofp/crti.o
 .ARM.attributes
                0x000000000000001e       0x2c /home/maximilian/st/stm32cubeide_1.13.2/plugins/com.st.stm32cube.ide.mcu.externaltools.gnu-tools-for-stm32.11.3.rel1.linux64_1.1.1.202309131626/tools/bin/../lib/gcc/arm-none-eabi/11.3.1/thumb/v6-m/nofp/crtbegin.o
 .ARM.attributes
                0x000000000000004a       0x2c ./Core/Src/main.o
 .ARM.attributes
                0x0000000000000076       0x2c ./Core/Src/stm32l0xx_hal_msp.o
 .ARM.attributes
                0x00000000000000a2       0x2c ./Core/Src/stm32l0xx_it.o
 .ARM.attributes
                0x00000000000000ce       0x2c ./Core/Src/sysmem.o
 .ARM.attributes
                0x00000000000000fa       0x2c ./Core/Src/system_stm32l0xx.o
 .ARM.attributes
                0x0000000000000126       0x22 ./Core/Startup/startup_stm32l073rztx.o
 .ARM.attributes
                0x0000000000000148       0x2c ./Drivers/STM32L0xx_HAL_Driver/Src/stm32l0xx_hal.o
 .ARM.attributes
                0x0000000000000174       0x2c ./Drivers/STM32L0xx_HAL_Driver/Src/stm32l0xx_hal_cortex.o
 .ARM.attributes
                0x00000000000001a0       0x2c ./Drivers/STM32L0xx_HAL_Driver/Src/stm32l0xx_hal_dma.o
 .ARM.attributes
                0x00000000000001cc       0x2c ./Drivers/STM32L0xx_HAL_Driver/Src/stm32l0xx_hal_gpio.o
 .ARM.attributes
                0x00000000000001f8       0x2c ./Drivers/STM32L0xx_HAL_Driver/Src/stm32l0xx_hal_i2c.o
 .ARM.attributes
                0x0000000000000224       0x2c ./Drivers/STM32L0xx_HAL_Driver/Src/stm32l0xx_hal_i2c_ex.o
 .ARM.attributes
                0x0000000000000250       0x2c ./Drivers/STM32L0xx_HAL_Driver/Src/stm32l0xx_hal_rcc.o
 .ARM.attributes
                0x000000000000027c       0x2c ./Drivers/STM32L0xx_HAL_Driver/Src/stm32l0xx_hal_rcc_ex.o
 .ARM.attributes
                0x00000000000002a8       0x2c ./Drivers/STM32L0xx_HAL_Driver/Src/stm32l0xx_hal_uart.o
 .ARM.attributes
                0x00000000000002d4       0x2c /home/maximilian/st/stm32cubeide_1.13.2/plugins/com.st.stm32cube.ide.mcu.externaltools.gnu-tools-for-stm32.11.3.rel1.linux64_1.1.1.202309131626/tools/bin/../lib/gcc/arm-none-eabi/11.3.1/../../../../arm-none-eabi/lib/thumb/v6-m/nofp/libc_nano.a(libc_a-findfp.o)
 .ARM.attributes
                0x0000000000000300       0x2c /home/maximilian/st/stm32cubeide_1.13.2/plugins/com.st.stm32cube.ide.mcu.externaltools.gnu-tools-for-stm32.11.3.rel1.linux64_1.1.1.202309131626/tools/bin/../lib/gcc/arm-none-eabi/11.3.1/../../../../arm-none-eabi/lib/thumb/v6-m/nofp/libc_nano.a(libc_a-sprintf.o)
 .ARM.attributes
                0x000000000000032c       0x2c /home/maximilian/st/stm32cubeide_1.13.2/plugins/com.st.stm32cube.ide.mcu.externaltools.gnu-tools-for-stm32.11.3.rel1.linux64_1.1.1.202309131626/tools/bin/../lib/gcc/arm-none-eabi/11.3.1/../../../../arm-none-eabi/lib/thumb/v6-m/nofp/libc_nano.a(libc_a-memset.o)
 .ARM.attributes
                0x0000000000000358       0x2c /home/maximilian/st/stm32cubeide_1.13.2/plugins/com.st.stm32cube.ide.mcu.externaltools.gnu-tools-for-stm32.11.3.rel1.linux64_1.1.1.202309131626/tools/bin/../lib/gcc/arm-none-eabi/11.3.1/../../../../arm-none-eabi/lib/thumb/v6-m/nofp/libc_nano.a(libc_a-reent.o)
 .ARM.attributes
                0x0000000000000384       0x2c /home/maximilian/st/stm32cubeide_1.13.2/plugins/com.st.stm32cube.ide.mcu.externaltools.gnu-tools-for-stm32.11.3.rel1.linux64_1.1.1.202309131626/tools/bin/../lib/gcc/arm-none-eabi/11.3.1/../../../../arm-none-eabi/lib/thumb/v6-m/nofp/libc_nano.a(libc_a-impure.o)
 .ARM.attributes
                0x00000000000003b0       0x2c /home/maximilian/st/stm32cubeide_1.13.2/plugins/com.st.stm32cube.ide.mcu.externaltools.gnu-tools-for-stm32.11.3.rel1.linux64_1.1.1.202309131626/tools/bin/../lib/gcc/arm-none-eabi/11.3.1/../../../../arm-none-eabi/lib/thumb/v6-m/nofp/libc_nano.a(libc_a-errno.o)
 .ARM.attributes
                0x00000000000003dc       0x2c /home/maximilian/st/stm32cubeide_1.13.2/plugins/com.st.stm32cube.ide.mcu.externaltools.gnu-tools-for-stm32.11.3.rel1.linux64_1.1.1.202309131626/tools/bin/../lib/gcc/arm-none-eabi/11.3.1/../../../../arm-none-eabi/lib/thumb/v6-m/nofp/libc_nano.a(libc_a-init.o)
 .ARM.attributes
                0x0000000000000408       0x2c /home/maximilian/st/stm32cubeide_1.13.2/plugins/com.st.stm32cube.ide.mcu.externaltools.gnu-tools-for-stm32.11.3.rel1.linux64_1.1.1.202309131626/tools/bin/../lib/gcc/arm-none-eabi/11.3.1/../../../../arm-none-eabi/lib/thumb/v6-m/nofp/libc_nano.a(libc_a-lock.o)
 .ARM.attributes
                0x0000000000000434       0x2c /home/maximilian/st/stm32cubeide_1.13.2/plugins/com.st.stm32cube.ide.mcu.externaltools.gnu-tools-for-stm32.11.3.rel1.linux64_1.1.1.202309131626/tools/bin/../lib/gcc/arm-none-eabi/11.3.1/../../../../arm-none-eabi/lib/thumb/v6-m/nofp/libc_nano.a(libc_a-freer.o)
 .ARM.attributes
                0x0000000000000460       0x2c /home/maximilian/st/stm32cubeide_1.13.2/plugins/com.st.stm32cube.ide.mcu.externaltools.gnu-tools-for-stm32.11.3.rel1.linux64_1.1.1.202309131626/tools/bin/../lib/gcc/arm-none-eabi/11.3.1/../../../../arm-none-eabi/lib/thumb/v6-m/nofp/libc_nano.a(libc_a-mallocr.o)
 .ARM.attributes
                0x000000000000048c       0x2c /home/maximilian/st/stm32cubeide_1.13.2/plugins/com.st.stm32cube.ide.mcu.externaltools.gnu-tools-for-stm32.11.3.rel1.linux64_1.1.1.202309131626/tools/bin/../lib/gcc/arm-none-eabi/11.3.1/../../../../arm-none-eabi/lib/thumb/v6-m/nofp/libc_nano.a(libc_a-mlock.o)
 .ARM.attributes
                0x00000000000004b8       0x2c /home/maximilian/st/stm32cubeide_1.13.2/plugins/com.st.stm32cube.ide.mcu.externaltools.gnu-tools-for-stm32.11.3.rel1.linux64_1.1.1.202309131626/tools/bin/../lib/gcc/arm-none-eabi/11.3.1/../../../../arm-none-eabi/lib/thumb/v6-m/nofp/libc_nano.a(libc_a-nano-svfprintf.o)
 .ARM.attributes
                0x00000000000004e4       0x2c /home/maximilian/st/stm32cubeide_1.13.2/plugins/com.st.stm32cube.ide.mcu.externaltools.gnu-tools-for-stm32.11.3.rel1.linux64_1.1.1.202309131626/tools/bin/../lib/gcc/arm-none-eabi/11.3.1/../../../../arm-none-eabi/lib/thumb/v6-m/nofp/libc_nano.a(libc_a-nano-vfprintf_i.o)
 .ARM.attributes
                0x0000000000000510       0x2c /home/maximilian/st/stm32cubeide_1.13.2/plugins/com.st.stm32cube.ide.mcu.externaltools.gnu-tools-for-stm32.11.3.rel1.linux64_1.1.1.202309131626/tools/bin/../lib/gcc/arm-none-eabi/11.3.1/../../../../arm-none-eabi/lib/thumb/v6-m/nofp/libc_nano.a(libc_a-memmove.o)
 .ARM.attributes
                0x000000000000053c       0x2c /home/maximilian/st/stm32cubeide_1.13.2/plugins/com.st.stm32cube.ide.mcu.externaltools.gnu-tools-for-stm32.11.3.rel1.linux64_1.1.1.202309131626/tools/bin/../lib/gcc/arm-none-eabi/11.3.1/../../../../arm-none-eabi/lib/thumb/v6-m/nofp/libc_nano.a(libc_a-sbrkr.o)
 .ARM.attributes
                0x0000000000000568       0x2c /home/maximilian/st/stm32cubeide_1.13.2/plugins/com.st.stm32cube.ide.mcu.externaltools.gnu-tools-for-stm32.11.3.rel1.linux64_1.1.1.202309131626/tools/bin/../lib/gcc/arm-none-eabi/11.3.1/../../../../arm-none-eabi/lib/thumb/v6-m/nofp/libc_nano.a(libc_a-memchr-stub.o)
 .ARM.attributes
                0x0000000000000594       0x2c /home/maximilian/st/stm32cubeide_1.13.2/plugins/com.st.stm32cube.ide.mcu.externaltools.gnu-tools-for-stm32.11.3.rel1.linux64_1.1.1.202309131626/tools/bin/../lib/gcc/arm-none-eabi/11.3.1/../../../../arm-none-eabi/lib/thumb/v6-m/nofp/libc_nano.a(libc_a-memcpy-stub.o)
 .ARM.attributes
                0x00000000000005c0       0x2c /home/maximilian/st/stm32cubeide_1.13.2/plugins/com.st.stm32cube.ide.mcu.externaltools.gnu-tools-for-stm32.11.3.rel1.linux64_1.1.1.202309131626/tools/bin/../lib/gcc/arm-none-eabi/11.3.1/../../../../arm-none-eabi/lib/thumb/v6-m/nofp/libc_nano.a(libc_a-reallocr.o)
 .ARM.attributes
                0x00000000000005ec       0x2c /home/maximilian/st/stm32cubeide_1.13.2/plugins/com.st.stm32cube.ide.mcu.externaltools.gnu-tools-for-stm32.11.3.rel1.linux64_1.1.1.202309131626/tools/bin/../lib/gcc/arm-none-eabi/11.3.1/../../../../arm-none-eabi/lib/thumb/v6-m/nofp/libc_nano.a(libc_a-msizer.o)
 .ARM.attributes
                0x0000000000000618       0x1e /home/maximilian/st/stm32cubeide_1.13.2/plugins/com.st.stm32cube.ide.mcu.externaltools.gnu-tools-for-stm32.11.3.rel1.linux64_1.1.1.202309131626/tools/bin/../lib/gcc/arm-none-eabi/11.3.1/thumb/v6-m/nofp/libgcc.a(_thumb1_case_shi.o)
 .ARM.attributes
                0x0000000000000636       0x1e /home/maximilian/st/stm32cubeide_1.13.2/plugins/com.st.stm32cube.ide.mcu.externaltools.gnu-tools-for-stm32.11.3.rel1.linux64_1.1.1.202309131626/tools/bin/../lib/gcc/arm-none-eabi/11.3.1/thumb/v6-m/nofp/libgcc.a(_udivsi3.o)
 .ARM.attributes
                0x0000000000000654       0x1e /home/maximilian/st/stm32cubeide_1.13.2/plugins/com.st.stm32cube.ide.mcu.externaltools.gnu-tools-for-stm32.11.3.rel1.linux64_1.1.1.202309131626/tools/bin/../lib/gcc/arm-none-eabi/11.3.1/thumb/v6-m/nofp/libgcc.a(_dvmd_tls.o)
 .ARM.attributes
                0x0000000000000672       0x1e /home/maximilian/st/stm32cubeide_1.13.2/plugins/com.st.stm32cube.ide.mcu.externaltools.gnu-tools-for-stm32.11.3.rel1.linux64_1.1.1.202309131626/tools/bin/../lib/gcc/arm-none-eabi/11.3.1/thumb/v6-m/nofp/libgcc.a(_aeabi_uldivmod.o)
 .ARM.attributes
                0x0000000000000690       0x2c /home/maximilian/st/stm32cubeide_1.13.2/plugins/com.st.stm32cube.ide.mcu.externaltools.gnu-tools-for-stm32.11.3.rel1.linux64_1.1.1.202309131626/tools/bin/../lib/gcc/arm-none-eabi/11.3.1/thumb/v6-m/nofp/libgcc.a(_muldi3.o)
 .ARM.attributes
                0x00000000000006bc       0x2c /home/maximilian/st/stm32cubeide_1.13.2/plugins/com.st.stm32cube.ide.mcu.externaltools.gnu-tools-for-stm32.11.3.rel1.linux64_1.1.1.202309131626/tools/bin/../lib/gcc/arm-none-eabi/11.3.1/thumb/v6-m/nofp/libgcc.a(_udivmoddi4.o)
 .ARM.attributes
                0x00000000000006e8       0x2c /home/maximilian/st/stm32cubeide_1.13.2/plugins/com.st.stm32cube.ide.mcu.externaltools.gnu-tools-for-stm32.11.3.rel1.linux64_1.1.1.202309131626/tools/bin/../lib/gcc/arm-none-eabi/11.3.1/thumb/v6-m/nofp/libgcc.a(mulsf3.o)
 .ARM.attributes
                0x0000000000000714       0x2c /home/maximilian/st/stm32cubeide_1.13.2/plugins/com.st.stm32cube.ide.mcu.externaltools.gnu-tools-for-stm32.11.3.rel1.linux64_1.1.1.202309131626/tools/bin/../lib/gcc/arm-none-eabi/11.3.1/thumb/v6-m/nofp/libgcc.a(subsf3.o)
 .ARM.attributes
                0x0000000000000740       0x2c /home/maximilian/st/stm32cubeide_1.13.2/plugins/com.st.stm32cube.ide.mcu.externaltools.gnu-tools-for-stm32.11.3.rel1.linux64_1.1.1.202309131626/tools/bin/../lib/gcc/arm-none-eabi/11.3.1/thumb/v6-m/nofp/libgcc.a(fixsfsi.o)
 .ARM.attributes
                0x000000000000076c       0x2c /home/maximilian/st/stm32cubeide_1.13.2/plugins/com.st.stm32cube.ide.mcu.externaltools.gnu-tools-for-stm32.11.3.rel1.linux64_1.1.1.202309131626/tools/bin/../lib/gcc/arm-none-eabi/11.3.1/thumb/v6-m/nofp/libgcc.a(floatsisf.o)
 .ARM.attributes
                0x0000000000000798       0x2c /home/maximilian/st/stm32cubeide_1.13.2/plugins/com.st.stm32cube.ide.mcu.externaltools.gnu-tools-for-stm32.11.3.rel1.linux64_1.1.1.202309131626/tools/bin/../lib/gcc/arm-none-eabi/11.3.1/thumb/v6-m/nofp/libgcc.a(adddf3.o)
 .ARM.attributes
                0x00000000000007c4       0x2c /home/maximilian/st/stm32cubeide_1.13.2/plugins/com.st.stm32cube.ide.mcu.externaltools.gnu-tools-for-stm32.11.3.rel1.linux64_1.1.1.202309131626/tools/bin/../lib/gcc/arm-none-eabi/11.3.1/thumb/v6-m/nofp/libgcc.a(divdf3.o)
 .ARM.attributes
                0x00000000000007f0       0x2c /home/maximilian/st/stm32cubeide_1.13.2/plugins/com.st.stm32cube.ide.mcu.externaltools.gnu-tools-for-stm32.11.3.rel1.linux64_1.1.1.202309131626/tools/bin/../lib/gcc/arm-none-eabi/11.3.1/thumb/v6-m/nofp/libgcc.a(floatsidf.o)
 .ARM.attributes
                0x000000000000081c       0x2c /home/maximilian/st/stm32cubeide_1.13.2/plugins/com.st.stm32cube.ide.mcu.externaltools.gnu-tools-for-stm32.11.3.rel1.linux64_1.1.1.202309131626/tools/bin/../lib/gcc/arm-none-eabi/11.3.1/thumb/v6-m/nofp/libgcc.a(truncdfsf2.o)
 .ARM.attributes
                0x0000000000000848       0x1e /home/maximilian/st/stm32cubeide_1.13.2/plugins/com.st.stm32cube.ide.mcu.externaltools.gnu-tools-for-stm32.11.3.rel1.linux64_1.1.1.202309131626/tools/bin/../lib/gcc/arm-none-eabi/11.3.1/thumb/v6-m/nofp/libgcc.a(_clzsi2.o)
 .ARM.attributes
                0x0000000000000866       0x1e /home/maximilian/st/stm32cubeide_1.13.2/plugins/com.st.stm32cube.ide.mcu.externaltools.gnu-tools-for-stm32.11.3.rel1.linux64_1.1.1.202309131626/tools/bin/../lib/gcc/arm-none-eabi/11.3.1/thumb/v6-m/nofp/libgcc.a(_clzdi2.o)
 .ARM.attributes
                0x0000000000000884       0x1e /home/maximilian/st/stm32cubeide_1.13.2/plugins/com.st.stm32cube.ide.mcu.externaltools.gnu-tools-for-stm32.11.3.rel1.linux64_1.1.1.202309131626/tools/bin/../lib/gcc/arm-none-eabi/11.3.1/thumb/v6-m/nofp/crtn.o
OUTPUT(Gyrosensor.elf elf32-littlearm)
LOAD linker stubs
LOAD /home/maximilian/st/stm32cubeide_1.13.2/plugins/com.st.stm32cube.ide.mcu.externaltools.gnu-tools-for-stm32.11.3.rel1.linux64_1.1.1.202309131626/tools/bin/../lib/gcc/arm-none-eabi/11.3.1/../../../../arm-none-eabi/lib/thumb/v6-m/nofp/libc.a
LOAD /home/maximilian/st/stm32cubeide_1.13.2/plugins/com.st.stm32cube.ide.mcu.externaltools.gnu-tools-for-stm32.11.3.rel1.linux64_1.1.1.202309131626/tools/bin/../lib/gcc/arm-none-eabi/11.3.1/../../../../arm-none-eabi/lib/thumb/v6-m/nofp/libm.a
LOAD /home/maximilian/st/stm32cubeide_1.13.2/plugins/com.st.stm32cube.ide.mcu.externaltools.gnu-tools-for-stm32.11.3.rel1.linux64_1.1.1.202309131626/tools/bin/../lib/gcc/arm-none-eabi/11.3.1/thumb/v6-m/nofp/libgcc.a

.comment        0x0000000000000000       0x43
 .comment       0x0000000000000000       0x43 /home/maximilian/st/stm32cubeide_1.13.2/plugins/com.st.stm32cube.ide.mcu.externaltools.gnu-tools-for-stm32.11.3.rel1.linux64_1.1.1.202309131626/tools/bin/../lib/gcc/arm-none-eabi/11.3.1/thumb/v6-m/nofp/crtbegin.o
                                         0x44 (size before relaxing)
 .comment       0x0000000000000043       0x44 ./Core/Src/main.o
 .comment       0x0000000000000043       0x44 ./Core/Src/stm32l0xx_hal_msp.o
 .comment       0x0000000000000043       0x44 ./Core/Src/stm32l0xx_it.o
 .comment       0x0000000000000043       0x44 ./Core/Src/sysmem.o
 .comment       0x0000000000000043       0x44 ./Core/Src/system_stm32l0xx.o
 .comment       0x0000000000000043       0x44 ./Drivers/STM32L0xx_HAL_Driver/Src/stm32l0xx_hal.o
 .comment       0x0000000000000043       0x44 ./Drivers/STM32L0xx_HAL_Driver/Src/stm32l0xx_hal_cortex.o
 .comment       0x0000000000000043       0x44 ./Drivers/STM32L0xx_HAL_Driver/Src/stm32l0xx_hal_dma.o
 .comment       0x0000000000000043       0x44 ./Drivers/STM32L0xx_HAL_Driver/Src/stm32l0xx_hal_gpio.o
 .comment       0x0000000000000043       0x44 ./Drivers/STM32L0xx_HAL_Driver/Src/stm32l0xx_hal_i2c.o
 .comment       0x0000000000000043       0x44 ./Drivers/STM32L0xx_HAL_Driver/Src/stm32l0xx_hal_i2c_ex.o
 .comment       0x0000000000000043       0x44 ./Drivers/STM32L0xx_HAL_Driver/Src/stm32l0xx_hal_rcc.o
 .comment       0x0000000000000043       0x44 ./Drivers/STM32L0xx_HAL_Driver/Src/stm32l0xx_hal_rcc_ex.o
 .comment       0x0000000000000043       0x44 ./Drivers/STM32L0xx_HAL_Driver/Src/stm32l0xx_hal_uart.o

.debug_info     0x0000000000000000     0xc2f3
 .debug_info    0x0000000000000000     0x15f1 ./Core/Src/main.o
 .debug_info    0x00000000000015f1      0xdbb ./Core/Src/stm32l0xx_hal_msp.o
 .debug_info    0x00000000000023ac      0x689 ./Core/Src/stm32l0xx_it.o
 .debug_info    0x0000000000002a35      0x168 ./Core/Src/sysmem.o
 .debug_info    0x0000000000002b9d      0x2d0 ./Core/Src/system_stm32l0xx.o
 .debug_info    0x0000000000002e6d       0x23 ./Core/Startup/startup_stm32l073rztx.o
 .debug_info    0x0000000000002e90      0x8ac ./Drivers/STM32L0xx_HAL_Driver/Src/stm32l0xx_hal.o
 .debug_info    0x000000000000373c      0x867 ./Drivers/STM32L0xx_HAL_Driver/Src/stm32l0xx_hal_cortex.o
 .debug_info    0x0000000000003fa3      0x70b ./Drivers/STM32L0xx_HAL_Driver/Src/stm32l0xx_hal_dma.o
 .debug_info    0x00000000000046ae      0x617 ./Drivers/STM32L0xx_HAL_Driver/Src/stm32l0xx_hal_gpio.o
 .debug_info    0x0000000000004cc5     0x205f ./Drivers/STM32L0xx_HAL_Driver/Src/stm32l0xx_hal_i2c.o
 .debug_info    0x0000000000006d24      0x884 ./Drivers/STM32L0xx_HAL_Driver/Src/stm32l0xx_hal_i2c_ex.o
 .debug_info    0x00000000000075a8      0xa2e ./Drivers/STM32L0xx_HAL_Driver/Src/stm32l0xx_hal_rcc.o
 .debug_info    0x0000000000007fd6      0x7ed ./Drivers/STM32L0xx_HAL_Driver/Src/stm32l0xx_hal_rcc_ex.o
 .debug_info    0x00000000000087c3     0x3b30 ./Drivers/STM32L0xx_HAL_Driver/Src/stm32l0xx_hal_uart.o

.debug_abbrev   0x0000000000000000     0x1cc6
 .debug_abbrev  0x0000000000000000      0x2fd ./Core/Src/main.o
 .debug_abbrev  0x00000000000002fd      0x1c8 ./Core/Src/stm32l0xx_hal_msp.o
 .debug_abbrev  0x00000000000004c5      0x18b ./Core/Src/stm32l0xx_it.o
 .debug_abbrev  0x0000000000000650       0xbc ./Core/Src/sysmem.o
 .debug_abbrev  0x000000000000070c      0x11c ./Core/Src/system_stm32l0xx.o
 .debug_abbrev  0x0000000000000828       0x12 ./Core/Startup/startup_stm32l073rztx.o
 .debug_abbrev  0x000000000000083a      0x2a0 ./Drivers/STM32L0xx_HAL_Driver/Src/stm32l0xx_hal.o
 .debug_abbrev  0x0000000000000ada      0x29b ./Drivers/STM32L0xx_HAL_Driver/Src/stm32l0xx_hal_cortex.o
 .debug_abbrev  0x0000000000000d75      0x1cd ./Drivers/STM32L0xx_HAL_Driver/Src/stm32l0xx_hal_dma.o
 .debug_abbrev  0x0000000000000f42      0x1cb ./Drivers/STM32L0xx_HAL_Driver/Src/stm32l0xx_hal_gpio.o
 .debug_abbrev  0x000000000000110d      0x270 ./Drivers/STM32L0xx_HAL_Driver/Src/stm32l0xx_hal_i2c.o
 .debug_abbrev  0x000000000000137d      0x1b9 ./Drivers/STM32L0xx_HAL_Driver/Src/stm32l0xx_hal_i2c_ex.o
 .debug_abbrev  0x0000000000001536      0x296 ./Drivers/STM32L0xx_HAL_Driver/Src/stm32l0xx_hal_rcc.o
 .debug_abbrev  0x00000000000017cc      0x21a ./Drivers/STM32L0xx_HAL_Driver/Src/stm32l0xx_hal_rcc_ex.o
 .debug_abbrev  0x00000000000019e6      0x2e0 ./Drivers/STM32L0xx_HAL_Driver/Src/stm32l0xx_hal_uart.o

.debug_aranges  0x0000000000000000      0xa98
 .debug_aranges
                0x0000000000000000       0xa0 ./Core/Src/main.o
 .debug_aranges
                0x00000000000000a0       0x40 ./Core/Src/stm32l0xx_hal_msp.o
 .debug_aranges
                0x00000000000000e0       0x48 ./Core/Src/stm32l0xx_it.o
 .debug_aranges
                0x0000000000000128       0x20 ./Core/Src/sysmem.o
 .debug_aranges
                0x0000000000000148       0x28 ./Core/Src/system_stm32l0xx.o
 .debug_aranges
                0x0000000000000170       0x28 ./Core/Startup/startup_stm32l073rztx.o
 .debug_aranges
                0x0000000000000198      0x110 ./Drivers/STM32L0xx_HAL_Driver/Src/stm32l0xx_hal.o
 .debug_aranges
                0x00000000000002a8       0xd8 ./Drivers/STM32L0xx_HAL_Driver/Src/stm32l0xx_hal_cortex.o
 .debug_aranges
                0x0000000000000380       0x80 ./Drivers/STM32L0xx_HAL_Driver/Src/stm32l0xx_hal_dma.o
 .debug_aranges
                0x0000000000000400       0x58 ./Drivers/STM32L0xx_HAL_Driver/Src/stm32l0xx_hal_gpio.o
 .debug_aranges
                0x0000000000000458      0x2a0 ./Drivers/STM32L0xx_HAL_Driver/Src/stm32l0xx_hal_i2c.o
 .debug_aranges
                0x00000000000006f8       0x48 ./Drivers/STM32L0xx_HAL_Driver/Src/stm32l0xx_hal_i2c_ex.o
 .debug_aranges
                0x0000000000000740       0x80 ./Drivers/STM32L0xx_HAL_Driver/Src/stm32l0xx_hal_rcc.o
 .debug_aranges
                0x00000000000007c0       0xb0 ./Drivers/STM32L0xx_HAL_Driver/Src/stm32l0xx_hal_rcc_ex.o
 .debug_aranges
                0x0000000000000870      0x228 ./Drivers/STM32L0xx_HAL_Driver/Src/stm32l0xx_hal_uart.o

.debug_rnglists
                0x0000000000000000      0x848
 .debug_rnglists
                0x0000000000000000       0x7b ./Core/Src/main.o
 .debug_rnglists
                0x000000000000007b       0x2d ./Core/Src/stm32l0xx_hal_msp.o
 .debug_rnglists
                0x00000000000000a8       0x31 ./Core/Src/stm32l0xx_it.o
 .debug_rnglists
                0x00000000000000d9       0x13 ./Core/Src/sysmem.o
 .debug_rnglists
                0x00000000000000ec       0x1a ./Core/Src/system_stm32l0xx.o
 .debug_rnglists
                0x0000000000000106       0x19 ./Core/Startup/startup_stm32l073rztx.o
 .debug_rnglists
                0x000000000000011f       0xc7 ./Drivers/STM32L0xx_HAL_Driver/Src/stm32l0xx_hal.o
 .debug_rnglists
                0x00000000000001e6       0x9f ./Drivers/STM32L0xx_HAL_Driver/Src/stm32l0xx_hal_cortex.o
 .debug_rnglists
                0x0000000000000285       0x65 ./Drivers/STM32L0xx_HAL_Driver/Src/stm32l0xx_hal_dma.o
 .debug_rnglists
                0x00000000000002ea       0x3f ./Drivers/STM32L0xx_HAL_Driver/Src/stm32l0xx_hal_gpio.o
 .debug_rnglists
                0x0000000000000329      0x229 ./Drivers/STM32L0xx_HAL_Driver/Src/stm32l0xx_hal_i2c.o
 .debug_rnglists
                0x0000000000000552       0x35 ./Drivers/STM32L0xx_HAL_Driver/Src/stm32l0xx_hal_i2c_ex.o
 .debug_rnglists
                0x0000000000000587       0x61 ./Drivers/STM32L0xx_HAL_Driver/Src/stm32l0xx_hal_rcc.o
 .debug_rnglists
                0x00000000000005e8       0x85 ./Drivers/STM32L0xx_HAL_Driver/Src/stm32l0xx_hal_rcc_ex.o
 .debug_rnglists
                0x000000000000066d      0x1db ./Drivers/STM32L0xx_HAL_Driver/Src/stm32l0xx_hal_uart.o

.debug_macro    0x0000000000000000    0x149da
 .debug_macro   0x0000000000000000      0x2e3 ./Core/Src/main.o
 .debug_macro   0x00000000000002e3      0xa7e ./Core/Src/main.o
 .debug_macro   0x0000000000000d61      0x11f ./Core/Src/main.o
 .debug_macro   0x0000000000000e80       0x2e ./Core/Src/main.o
 .debug_macro   0x0000000000000eae       0x28 ./Core/Src/main.o
 .debug_macro   0x0000000000000ed6       0x22 ./Core/Src/main.o
 .debug_macro   0x0000000000000ef8       0x8e ./Core/Src/main.o
 .debug_macro   0x0000000000000f86       0x51 ./Core/Src/main.o
 .debug_macro   0x0000000000000fd7      0x103 ./Core/Src/main.o
 .debug_macro   0x00000000000010da       0x6a ./Core/Src/main.o
 .debug_macro   0x0000000000001144      0x1df ./Core/Src/main.o
 .debug_macro   0x0000000000001323       0x1c ./Core/Src/main.o
 .debug_macro   0x000000000000133f       0x22 ./Core/Src/main.o
 .debug_macro   0x0000000000001361       0xaf ./Core/Src/main.o
 .debug_macro   0x0000000000001410      0x4da ./Core/Src/main.o
 .debug_macro   0x00000000000018ea      0x11f ./Core/Src/main.o
 .debug_macro   0x0000000000001a09     0xa453 ./Core/Src/main.o
 .debug_macro   0x000000000000be5c       0x66 ./Core/Src/main.o
 .debug_macro   0x000000000000bec2     0x3590 ./Core/Src/main.o
 .debug_macro   0x000000000000f452      0x174 ./Core/Src/main.o
 .debug_macro   0x000000000000f5c6       0x5c ./Core/Src/main.o
 .debug_macro   0x000000000000f622      0x8ea ./Core/Src/main.o
 .debug_macro   0x000000000000ff0c      0xbb4 ./Core/Src/main.o
 .debug_macro   0x0000000000010ac0      0x197 ./Core/Src/main.o
 .debug_macro   0x0000000000010c57      0x13f ./Core/Src/main.o
 .debug_macro   0x0000000000010d96      0x1d1 ./Core/Src/main.o
 .debug_macro   0x0000000000010f67       0x82 ./Core/Src/main.o
 .debug_macro   0x0000000000010fe9      0x28e ./Core/Src/main.o
 .debug_macro   0x0000000000011277      0x1e9 ./Core/Src/main.o
 .debug_macro   0x0000000000011460      0x13d ./Core/Src/main.o
 .debug_macro   0x000000000001159d      0x4ac ./Core/Src/main.o
 .debug_macro   0x0000000000011a49      0x22c ./Core/Src/main.o
 .debug_macro   0x0000000000011c75       0x5b ./Core/Src/main.o
 .debug_macro   0x0000000000011cd0       0xa5 ./Core/Src/main.o
 .debug_macro   0x0000000000011d75      0x186 ./Core/Src/main.o
 .debug_macro   0x0000000000011efb       0x16 ./Core/Src/main.o
 .debug_macro   0x0000000000011f11      0x5cf ./Core/Src/main.o
 .debug_macro   0x00000000000124e0       0x44 ./Core/Src/main.o
 .debug_macro   0x0000000000012524      0x1a2 ./Core/Src/main.o
 .debug_macro   0x00000000000126c6       0x58 ./Core/Src/main.o
 .debug_macro   0x000000000001271e       0x61 ./Core/Src/main.o
 .debug_macro   0x000000000001277f       0x24 ./Core/Src/main.o
 .debug_macro   0x00000000000127a3       0x43 ./Core/Src/main.o
 .debug_macro   0x00000000000127e6       0x34 ./Core/Src/main.o
 .debug_macro   0x000000000001281a       0x16 ./Core/Src/main.o
 .debug_macro   0x0000000000012830       0x35 ./Core/Src/main.o
 .debug_macro   0x0000000000012865      0x369 ./Core/Src/main.o
 .debug_macro   0x0000000000012bce       0x10 ./Core/Src/main.o
 .debug_macro   0x0000000000012bde       0x16 ./Core/Src/main.o
 .debug_macro   0x0000000000012bf4       0x43 ./Core/Src/main.o
 .debug_macro   0x0000000000012c37       0x34 ./Core/Src/main.o
 .debug_macro   0x0000000000012c6b       0x10 ./Core/Src/main.o
 .debug_macro   0x0000000000012c7b       0x58 ./Core/Src/main.o
 .debug_macro   0x0000000000012cd3       0x8e ./Core/Src/main.o
 .debug_macro   0x0000000000012d61       0x1c ./Core/Src/main.o
 .debug_macro   0x0000000000012d7d      0x177 ./Core/Src/main.o
 .debug_macro   0x0000000000012ef4       0x16 ./Core/Src/main.o
 .debug_macro   0x0000000000012f0a       0x16 ./Core/Src/main.o
 .debug_macro   0x0000000000012f20      0x147 ./Core/Src/main.o
 .debug_macro   0x0000000000013067      0x1c9 ./Core/Src/stm32l0xx_hal_msp.o
 .debug_macro   0x0000000000013230      0x1d3 ./Core/Src/stm32l0xx_it.o
 .debug_macro   0x0000000000013403       0xff ./Core/Src/sysmem.o
 .debug_macro   0x0000000000013502      0x23c ./Core/Src/sysmem.o
 .debug_macro   0x000000000001373e      0x1ba ./Core/Src/system_stm32l0xx.o
 .debug_macro   0x00000000000138f8      0x1de ./Drivers/STM32L0xx_HAL_Driver/Src/stm32l0xx_hal.o
 .debug_macro   0x0000000000013ad6      0x1ba ./Drivers/STM32L0xx_HAL_Driver/Src/stm32l0xx_hal_cortex.o
 .debug_macro   0x0000000000013c90      0x1ba ./Drivers/STM32L0xx_HAL_Driver/Src/stm32l0xx_hal_dma.o
 .debug_macro   0x0000000000013e4a      0x1c1 ./Drivers/STM32L0xx_HAL_Driver/Src/stm32l0xx_hal_gpio.o
 .debug_macro   0x000000000001400b      0x286 ./Drivers/STM32L0xx_HAL_Driver/Src/stm32l0xx_hal_i2c.o
 .debug_macro   0x0000000000014291      0x1ba ./Drivers/STM32L0xx_HAL_Driver/Src/stm32l0xx_hal_i2c_ex.o
 .debug_macro   0x000000000001444b      0x1f0 ./Drivers/STM32L0xx_HAL_Driver/Src/stm32l0xx_hal_rcc.o
 .debug_macro   0x000000000001463b      0x1ba ./Drivers/STM32L0xx_HAL_Driver/Src/stm32l0xx_hal_rcc_ex.o
 .debug_macro   0x00000000000147f5      0x1e5 ./Drivers/STM32L0xx_HAL_Driver/Src/stm32l0xx_hal_uart.o

.debug_line     0x0000000000000000     0xdd00
 .debug_line    0x0000000000000000      0xc43 ./Core/Src/main.o
 .debug_line    0x0000000000000c43      0x75f ./Core/Src/stm32l0xx_hal_msp.o
 .debug_line    0x00000000000013a2      0x74f ./Core/Src/stm32l0xx_it.o
 .debug_line    0x0000000000001af1      0x4ea ./Core/Src/sysmem.o
 .debug_line    0x0000000000001fdb      0x771 ./Core/Src/system_stm32l0xx.o
 .debug_line    0x000000000000274c       0x7b ./Core/Startup/startup_stm32l073rztx.o
 .debug_line    0x00000000000027c7      0xa14 ./Drivers/STM32L0xx_HAL_Driver/Src/stm32l0xx_hal.o
 .debug_line    0x00000000000031db      0xaf2 ./Drivers/STM32L0xx_HAL_Driver/Src/stm32l0xx_hal_cortex.o
 .debug_line    0x0000000000003ccd      0xc03 ./Drivers/STM32L0xx_HAL_Driver/Src/stm32l0xx_hal_dma.o
 .debug_line    0x00000000000048d0      0xab7 ./Drivers/STM32L0xx_HAL_Driver/Src/stm32l0xx_hal_gpio.o
 .debug_line    0x0000000000005387     0x3751 ./Drivers/STM32L0xx_HAL_Driver/Src/stm32l0xx_hal_i2c.o
 .debug_line    0x0000000000008ad8      0x8de ./Drivers/STM32L0xx_HAL_Driver/Src/stm32l0xx_hal_i2c_ex.o
 .debug_line    0x00000000000093b6      0xe9f ./Drivers/STM32L0xx_HAL_Driver/Src/stm32l0xx_hal_rcc.o
 .debug_line    0x000000000000a255      0xda7 ./Drivers/STM32L0xx_HAL_Driver/Src/stm32l0xx_hal_rcc_ex.o
 .debug_line    0x000000000000affc     0x2d04 ./Drivers/STM32L0xx_HAL_Driver/Src/stm32l0xx_hal_uart.o

.debug_str      0x0000000000000000    0x7e5ec
 .debug_str     0x0000000000000000    0x7b657 ./Core/Src/main.o
                                      0x7ba50 (size before relaxing)
 .debug_str     0x000000000007b657      0x239 ./Core/Src/stm32l0xx_hal_msp.o
                                      0x77fa9 (size before relaxing)
 .debug_str     0x000000000007b890       0xbe ./Core/Src/stm32l0xx_it.o
                                      0x77aa4 (size before relaxing)
 .debug_str     0x000000000007b94e      0x4dc ./Core/Src/sysmem.o
                                       0x5f4c (size before relaxing)
 .debug_str     0x000000000007be2a       0x99 ./Core/Src/system_stm32l0xx.o
                                      0x774f5 (size before relaxing)
 .debug_str     0x000000000007bec3       0x34 ./Core/Startup/startup_stm32l073rztx.o
                                         0x62 (size before relaxing)
 .debug_str     0x000000000007bef7      0x489 ./Drivers/STM32L0xx_HAL_Driver/Src/stm32l0xx_hal.o
                                      0x77c29 (size before relaxing)
 .debug_str     0x000000000007c380      0x28b ./Drivers/STM32L0xx_HAL_Driver/Src/stm32l0xx_hal_cortex.o
                                      0x7797d (size before relaxing)
 .debug_str     0x000000000007c60b      0x26c ./Drivers/STM32L0xx_HAL_Driver/Src/stm32l0xx_hal_dma.o
                                      0x77869 (size before relaxing)
 .debug_str     0x000000000007c877       0xd5 ./Drivers/STM32L0xx_HAL_Driver/Src/stm32l0xx_hal_gpio.o
                                      0x77695 (size before relaxing)
 .debug_str     0x000000000007c94c      0xd5d ./Drivers/STM32L0xx_HAL_Driver/Src/stm32l0xx_hal_i2c.o
                                      0x78803 (size before relaxing)
 .debug_str     0x000000000007d6a9       0xb8 ./Drivers/STM32L0xx_HAL_Driver/Src/stm32l0xx_hal_i2c_ex.o
                                      0x77a83 (size before relaxing)
 .debug_str     0x000000000007d761      0x2ac ./Drivers/STM32L0xx_HAL_Driver/Src/stm32l0xx_hal_rcc.o
                                      0x77a42 (size before relaxing)
 .debug_str     0x000000000007da0d      0x339 ./Drivers/STM32L0xx_HAL_Driver/Src/stm32l0xx_hal_rcc_ex.o
                                      0x779f8 (size before relaxing)
 .debug_str     0x000000000007dd46      0x8a6 ./Drivers/STM32L0xx_HAL_Driver/Src/stm32l0xx_hal_uart.o
                                      0x782b5 (size before relaxing)

.debug_frame    0x0000000000000000     0x2c2c
 .debug_frame   0x0000000000000000      0x234 ./Core/Src/main.o
 .debug_frame   0x0000000000000234       0xac ./Core/Src/stm32l0xx_hal_msp.o
 .debug_frame   0x00000000000002e0       0xb8 ./Core/Src/stm32l0xx_it.o
 .debug_frame   0x0000000000000398       0x30 ./Core/Src/sysmem.o
 .debug_frame   0x00000000000003c8       0x4c ./Core/Src/system_stm32l0xx.o
 .debug_frame   0x0000000000000414      0x394 ./Drivers/STM32L0xx_HAL_Driver/Src/stm32l0xx_hal.o
 .debug_frame   0x00000000000007a8      0x2fc ./Drivers/STM32L0xx_HAL_Driver/Src/stm32l0xx_hal_cortex.o
 .debug_frame   0x0000000000000aa4      0x1b0 ./Drivers/STM32L0xx_HAL_Driver/Src/stm32l0xx_hal_dma.o
 .debug_frame   0x0000000000000c54      0x110 ./Drivers/STM32L0xx_HAL_Driver/Src/stm32l0xx_hal_gpio.o
 .debug_frame   0x0000000000000d64      0xa64 ./Drivers/STM32L0xx_HAL_Driver/Src/stm32l0xx_hal_i2c.o
 .debug_frame   0x00000000000017c8       0xd0 ./Drivers/STM32L0xx_HAL_Driver/Src/stm32l0xx_hal_i2c_ex.o
 .debug_frame   0x0000000000001898      0x1a8 ./Drivers/STM32L0xx_HAL_Driver/Src/stm32l0xx_hal_rcc.o
 .debug_frame   0x0000000000001a40      0x244 ./Drivers/STM32L0xx_HAL_Driver/Src/stm32l0xx_hal_rcc_ex.o
 .debug_frame   0x0000000000001c84      0x854 ./Drivers/STM32L0xx_HAL_Driver/Src/stm32l0xx_hal_uart.o
 .debug_frame   0x00000000000024d8      0x138 /home/maximilian/st/stm32cubeide_1.13.2/plugins/com.st.stm32cube.ide.mcu.externaltools.gnu-tools-for-stm32.11.3.rel1.linux64_1.1.1.202309131626/tools/bin/../lib/gcc/arm-none-eabi/11.3.1/../../../../arm-none-eabi/lib/thumb/v6-m/nofp/libc_nano.a(libc_a-findfp.o)
 .debug_frame   0x0000000000002610       0x48 /home/maximilian/st/stm32cubeide_1.13.2/plugins/com.st.stm32cube.ide.mcu.externaltools.gnu-tools-for-stm32.11.3.rel1.linux64_1.1.1.202309131626/tools/bin/../lib/gcc/arm-none-eabi/11.3.1/../../../../arm-none-eabi/lib/thumb/v6-m/nofp/libc_nano.a(libc_a-sprintf.o)
 .debug_frame   0x0000000000002658       0x20 /home/maximilian/st/stm32cubeide_1.13.2/plugins/com.st.stm32cube.ide.mcu.externaltools.gnu-tools-for-stm32.11.3.rel1.linux64_1.1.1.202309131626/tools/bin/../lib/gcc/arm-none-eabi/11.3.1/../../../../arm-none-eabi/lib/thumb/v6-m/nofp/libc_nano.a(libc_a-memset.o)
 .debug_frame   0x0000000000002678       0x2c /home/maximilian/st/stm32cubeide_1.13.2/plugins/com.st.stm32cube.ide.mcu.externaltools.gnu-tools-for-stm32.11.3.rel1.linux64_1.1.1.202309131626/tools/bin/../lib/gcc/arm-none-eabi/11.3.1/../../../../arm-none-eabi/lib/thumb/v6-m/nofp/libc_nano.a(libc_a-reent.o)
 .debug_frame   0x00000000000026a4       0x20 /home/maximilian/st/stm32cubeide_1.13.2/plugins/com.st.stm32cube.ide.mcu.externaltools.gnu-tools-for-stm32.11.3.rel1.linux64_1.1.1.202309131626/tools/bin/../lib/gcc/arm-none-eabi/11.3.1/../../../../arm-none-eabi/lib/thumb/v6-m/nofp/libc_nano.a(libc_a-errno.o)
 .debug_frame   0x00000000000026c4       0x2c /home/maximilian/st/stm32cubeide_1.13.2/plugins/com.st.stm32cube.ide.mcu.externaltools.gnu-tools-for-stm32.11.3.rel1.linux64_1.1.1.202309131626/tools/bin/../lib/gcc/arm-none-eabi/11.3.1/../../../../arm-none-eabi/lib/thumb/v6-m/nofp/libc_nano.a(libc_a-init.o)
 .debug_frame   0x00000000000026f0       0xb0 /home/maximilian/st/stm32cubeide_1.13.2/plugins/com.st.stm32cube.ide.mcu.externaltools.gnu-tools-for-stm32.11.3.rel1.linux64_1.1.1.202309131626/tools/bin/../lib/gcc/arm-none-eabi/11.3.1/../../../../arm-none-eabi/lib/thumb/v6-m/nofp/libc_nano.a(libc_a-lock.o)
 .debug_frame   0x00000000000027a0       0x2c /home/maximilian/st/stm32cubeide_1.13.2/plugins/com.st.stm32cube.ide.mcu.externaltools.gnu-tools-for-stm32.11.3.rel1.linux64_1.1.1.202309131626/tools/bin/../lib/gcc/arm-none-eabi/11.3.1/../../../../arm-none-eabi/lib/thumb/v6-m/nofp/libc_nano.a(libc_a-freer.o)
 .debug_frame   0x00000000000027cc       0x50 /home/maximilian/st/stm32cubeide_1.13.2/plugins/com.st.stm32cube.ide.mcu.externaltools.gnu-tools-for-stm32.11.3.rel1.linux64_1.1.1.202309131626/tools/bin/../lib/gcc/arm-none-eabi/11.3.1/../../../../arm-none-eabi/lib/thumb/v6-m/nofp/libc_nano.a(libc_a-mallocr.o)
 .debug_frame   0x000000000000281c       0x40 /home/maximilian/st/stm32cubeide_1.13.2/plugins/com.st.stm32cube.ide.mcu.externaltools.gnu-tools-for-stm32.11.3.rel1.linux64_1.1.1.202309131626/tools/bin/../lib/gcc/arm-none-eabi/11.3.1/../../../../arm-none-eabi/lib/thumb/v6-m/nofp/libc_nano.a(libc_a-mlock.o)
 .debug_frame   0x000000000000285c       0x74 /home/maximilian/st/stm32cubeide_1.13.2/plugins/com.st.stm32cube.ide.mcu.externaltools.gnu-tools-for-stm32.11.3.rel1.linux64_1.1.1.202309131626/tools/bin/../lib/gcc/arm-none-eabi/11.3.1/../../../../arm-none-eabi/lib/thumb/v6-m/nofp/libc_nano.a(libc_a-nano-svfprintf.o)
 .debug_frame   0x00000000000028d0       0x54 /home/maximilian/st/stm32cubeide_1.13.2/plugins/com.st.stm32cube.ide.mcu.externaltools.gnu-tools-for-stm32.11.3.rel1.linux64_1.1.1.202309131626/tools/bin/../lib/gcc/arm-none-eabi/11.3.1/../../../../arm-none-eabi/lib/thumb/v6-m/nofp/libc_nano.a(libc_a-nano-vfprintf_i.o)
 .debug_frame   0x0000000000002924       0x28 /home/maximilian/st/stm32cubeide_1.13.2/plugins/com.st.stm32cube.ide.mcu.externaltools.gnu-tools-for-stm32.11.3.rel1.linux64_1.1.1.202309131626/tools/bin/../lib/gcc/arm-none-eabi/11.3.1/../../../../arm-none-eabi/lib/thumb/v6-m/nofp/libc_nano.a(libc_a-memmove.o)
 .debug_frame   0x000000000000294c       0x2c /home/maximilian/st/stm32cubeide_1.13.2/plugins/com.st.stm32cube.ide.mcu.externaltools.gnu-tools-for-stm32.11.3.rel1.linux64_1.1.1.202309131626/tools/bin/../lib/gcc/arm-none-eabi/11.3.1/../../../../arm-none-eabi/lib/thumb/v6-m/nofp/libc_nano.a(libc_a-sbrkr.o)
 .debug_frame   0x0000000000002978       0x20 /home/maximilian/st/stm32cubeide_1.13.2/plugins/com.st.stm32cube.ide.mcu.externaltools.gnu-tools-for-stm32.11.3.rel1.linux64_1.1.1.202309131626/tools/bin/../lib/gcc/arm-none-eabi/11.3.1/../../../../arm-none-eabi/lib/thumb/v6-m/nofp/libc_nano.a(libc_a-memchr-stub.o)
 .debug_frame   0x0000000000002998       0x28 /home/maximilian/st/stm32cubeide_1.13.2/plugins/com.st.stm32cube.ide.mcu.externaltools.gnu-tools-for-stm32.11.3.rel1.linux64_1.1.1.202309131626/tools/bin/../lib/gcc/arm-none-eabi/11.3.1/../../../../arm-none-eabi/lib/thumb/v6-m/nofp/libc_nano.a(libc_a-memcpy-stub.o)
 .debug_frame   0x00000000000029c0       0x34 /home/maximilian/st/stm32cubeide_1.13.2/plugins/com.st.stm32cube.ide.mcu.externaltools.gnu-tools-for-stm32.11.3.rel1.linux64_1.1.1.202309131626/tools/bin/../lib/gcc/arm-none-eabi/11.3.1/../../../../arm-none-eabi/lib/thumb/v6-m/nofp/libc_nano.a(libc_a-reallocr.o)
 .debug_frame   0x00000000000029f4       0x20 /home/maximilian/st/stm32cubeide_1.13.2/plugins/com.st.stm32cube.ide.mcu.externaltools.gnu-tools-for-stm32.11.3.rel1.linux64_1.1.1.202309131626/tools/bin/../lib/gcc/arm-none-eabi/11.3.1/../../../../arm-none-eabi/lib/thumb/v6-m/nofp/libc_nano.a(libc_a-msizer.o)
 .debug_frame   0x0000000000002a14       0x20 /home/maximilian/st/stm32cubeide_1.13.2/plugins/com.st.stm32cube.ide.mcu.externaltools.gnu-tools-for-stm32.11.3.rel1.linux64_1.1.1.202309131626/tools/bin/../lib/gcc/arm-none-eabi/11.3.1/thumb/v6-m/nofp/libgcc.a(_udivsi3.o)
 .debug_frame   0x0000000000002a34       0x34 /home/maximilian/st/stm32cubeide_1.13.2/plugins/com.st.stm32cube.ide.mcu.externaltools.gnu-tools-for-stm32.11.3.rel1.linux64_1.1.1.202309131626/tools/bin/../lib/gcc/arm-none-eabi/11.3.1/thumb/v6-m/nofp/libgcc.a(_muldi3.o)
 .debug_frame   0x0000000000002a68       0x3c /home/maximilian/st/stm32cubeide_1.13.2/plugins/com.st.stm32cube.ide.mcu.externaltools.gnu-tools-for-stm32.11.3.rel1.linux64_1.1.1.202309131626/tools/bin/../lib/gcc/arm-none-eabi/11.3.1/thumb/v6-m/nofp/libgcc.a(_udivmoddi4.o)
 .debug_frame   0x0000000000002aa4       0x38 /home/maximilian/st/stm32cubeide_1.13.2/plugins/com.st.stm32cube.ide.mcu.externaltools.gnu-tools-for-stm32.11.3.rel1.linux64_1.1.1.202309131626/tools/bin/../lib/gcc/arm-none-eabi/11.3.1/thumb/v6-m/nofp/libgcc.a(mulsf3.o)
 .debug_frame   0x0000000000002adc       0x34 /home/maximilian/st/stm32cubeide_1.13.2/plugins/com.st.stm32cube.ide.mcu.externaltools.gnu-tools-for-stm32.11.3.rel1.linux64_1.1.1.202309131626/tools/bin/../lib/gcc/arm-none-eabi/11.3.1/thumb/v6-m/nofp/libgcc.a(subsf3.o)
 .debug_frame   0x0000000000002b10       0x20 /home/maximilian/st/stm32cubeide_1.13.2/plugins/com.st.stm32cube.ide.mcu.externaltools.gnu-tools-for-stm32.11.3.rel1.linux64_1.1.1.202309131626/tools/bin/../lib/gcc/arm-none-eabi/11.3.1/thumb/v6-m/nofp/libgcc.a(fixsfsi.o)
 .debug_frame   0x0000000000002b30       0x2c /home/maximilian/st/stm32cubeide_1.13.2/plugins/com.st.stm32cube.ide.mcu.externaltools.gnu-tools-for-stm32.11.3.rel1.linux64_1.1.1.202309131626/tools/bin/../lib/gcc/arm-none-eabi/11.3.1/thumb/v6-m/nofp/libgcc.a(floatsisf.o)
 .debug_frame   0x0000000000002b5c       0x38 /home/maximilian/st/stm32cubeide_1.13.2/plugins/com.st.stm32cube.ide.mcu.externaltools.gnu-tools-for-stm32.11.3.rel1.linux64_1.1.1.202309131626/tools/bin/../lib/gcc/arm-none-eabi/11.3.1/thumb/v6-m/nofp/libgcc.a(adddf3.o)
 .debug_frame   0x0000000000002b94       0x3c /home/maximilian/st/stm32cubeide_1.13.2/plugins/com.st.stm32cube.ide.mcu.externaltools.gnu-tools-for-stm32.11.3.rel1.linux64_1.1.1.202309131626/tools/bin/../lib/gcc/arm-none-eabi/11.3.1/thumb/v6-m/nofp/libgcc.a(divdf3.o)
 .debug_frame   0x0000000000002bd0       0x2c /home/maximilian/st/stm32cubeide_1.13.2/plugins/com.st.stm32cube.ide.mcu.externaltools.gnu-tools-for-stm32.11.3.rel1.linux64_1.1.1.202309131626/tools/bin/../lib/gcc/arm-none-eabi/11.3.1/thumb/v6-m/nofp/libgcc.a(floatsidf.o)
 .debug_frame   0x0000000000002bfc       0x30 /home/maximilian/st/stm32cubeide_1.13.2/plugins/com.st.stm32cube.ide.mcu.externaltools.gnu-tools-for-stm32.11.3.rel1.linux64_1.1.1.202309131626/tools/bin/../lib/gcc/arm-none-eabi/11.3.1/thumb/v6-m/nofp/libgcc.a(truncdfsf2.o)

.debug_line_str
                0x0000000000000000       0x56
 .debug_line_str
                0x0000000000000000       0x56 ./Core/Startup/startup_stm32l073rztx.o
                                         0x6e (size before relaxing)
